[0.163s] DEBUG:colcon:Command line arguments: ['/usr/bin/colcon', 'build', '--packages-select', 'rosbag2_cpp', '--cmake-args', '-DCMAKE_BUILD_TYPE=Release']
[0.163s] DEBUG:colcon:Parsed command line arguments: Namespace(log_base=None, log_level=None, verb_name='build', build_base='build', install_base='install', merge_install=False, symlink_install=False, test_result_base=None, continue_on_error=False, executor='parallel', parallel_workers=20, event_handlers=None, ignore_user_meta=False, metas=['./colcon.meta'], base_paths=['.'], packages_ignore=None, packages_ignore_regex=None, paths=None, packages_up_to=None, packages_up_to_regex=None, packages_above=None, packages_above_and_dependencies=None, packages_above_depth=None, packages_select_by_dep=None, packages_skip_by_dep=None, packages_skip_up_to=None, packages_select_build_failed=False, packages_skip_build_finished=False, packages_select_test_failures=False, packages_skip_test_passed=False, packages_select=['rosbag2_cpp'], packages_skip=None, packages_select_regex=None, packages_skip_regex=None, packages_start=None, packages_end=None, allow_overriding=[], cmake_args=['-DCMAKE_BUILD_TYPE=Release'], cmake_target=None, cmake_target_skip_unavailable=False, cmake_clean_cache=False, cmake_clean_first=False, cmake_force_configure=False, ament_cmake_args=None, catkin_cmake_args=None, catkin_skip_building_tests=False, mixin_files=None, mixin=None, verb_parser=<colcon_mixin.mixin.mixin_argument.MixinArgumentDecorator object at 0x7a99e6e89dc0>, verb_extension=<colcon_core.verb.build.BuildVerb object at 0x7a99e6e03aa0>, main=<bound method BuildVerb.main of <colcon_core.verb.build.BuildVerb object at 0x7a99e6e03aa0>>, mixin_verb=('build',))
[0.196s] Level 1:colcon.colcon_core.package_discovery:discover_packages(colcon_meta) check parameters
[0.196s] Level 1:colcon.colcon_core.package_discovery:discover_packages(recursive) check parameters
[0.196s] Level 1:colcon.colcon_core.package_discovery:discover_packages(ignore) check parameters
[0.196s] Level 1:colcon.colcon_core.package_discovery:discover_packages(path) check parameters
[0.196s] Level 1:colcon.colcon_core.package_discovery:discover_packages(colcon_meta) discover
[0.196s] Level 1:colcon.colcon_core.package_discovery:discover_packages(recursive) discover
[0.196s] INFO:colcon.colcon_core.package_discovery:Crawling recursively for packages in '/home/fmt/.no-mistakes/worktrees/b8e3b0e906af/01KXF3EBXC00B6ZS69VCQBAJA8'
[0.196s] Level 1:colcon.colcon_core.package_identification:_identify(.) by extensions ['ignore', 'ignore_ament_install']
[0.196s] Level 1:colcon.colcon_core.package_identification:_identify(.) by extension 'ignore'
[0.196s] Level 1:colcon.colcon_core.package_identification:_identify(.) by extension 'ignore_ament_install'
[0.196s] Level 1:colcon.colcon_core.package_identification:_identify(.) by extensions ['colcon_pkg']
[0.196s] Level 1:colcon.colcon_core.package_identification:_identify(.) by extension 'colcon_pkg'
[0.196s] Level 1:colcon.colcon_core.package_identification:_identify(.) by extensions ['colcon_meta']
[0.196s] Level 1:colcon.colcon_core.package_identification:_identify(.) by extension 'colcon_meta'
[0.196s] Level 1:colcon.colcon_core.package_identification:_identify(.) by extensions ['ros']
[0.196s] Level 1:colcon.colcon_core.package_identification:_identify(.) by extension 'ros'
[0.215s] Level 1:colcon.colcon_core.package_identification:_identify(.) by extensions ['cmake', 'python']
[0.215s] Level 1:colcon.colcon_core.package_identification:_identify(.) by extension 'cmake'
[0.215s] Level 1:colcon.colcon_core.package_identification:_identify(.) by extension 'python'
[0.215s] Level 1:colcon.colcon_core.package_identification:_identify(.) by extensions ['python_setup_py']
[0.215s] Level 1:colcon.colcon_core.package_identification:_identify(.) by extension 'python_setup_py'
[0.215s] Level 1:colcon.colcon_core.package_identification:_identify(build) by extensions ['ignore', 'ignore_ament_install']
[0.215s] Level 1:colcon.colcon_core.package_identification:_identify(build) by extension 'ignore'
[0.215s] Level 1:colcon.colcon_core.package_identification:_identify(build) ignored
[0.215s] Level 1:colcon.colcon_core.package_identification:_identify(docs) by extensions ['ignore', 'ignore_ament_install']
[0.215s] Level 1:colcon.colcon_core.package_identification:_identify(docs) by extension 'ignore'
[0.215s] Level 1:colcon.colcon_core.package_identification:_identify(docs) by extension 'ignore_ament_install'
[0.215s] Level 1:colcon.colcon_core.package_identification:_identify(docs) by extensions ['colcon_pkg']
[0.215s] Level 1:colcon.colcon_core.package_identification:_identify(docs) by extension 'colcon_pkg'
[0.215s] Level 1:colcon.colcon_core.package_identification:_identify(docs) by extensions ['colcon_meta']
[0.215s] Level 1:colcon.colcon_core.package_identification:_identify(docs) by extension 'colcon_meta'
[0.215s] Level 1:colcon.colcon_core.package_identification:_identify(docs) by extensions ['ros']
[0.215s] Level 1:colcon.colcon_core.package_identification:_identify(docs) by extension 'ros'
[0.215s] Level 1:colcon.colcon_core.package_identification:_identify(docs) by extensions ['cmake', 'python']
[0.215s] Level 1:colcon.colcon_core.package_identification:_identify(docs) by extension 'cmake'
[0.215s] Level 1:colcon.colcon_core.package_identification:_identify(docs) by extension 'python'
[0.215s] Level 1:colcon.colcon_core.package_identification:_identify(docs) by extensions ['python_setup_py']
[0.215s] Level 1:colcon.colcon_core.package_identification:_identify(docs) by extension 'python_setup_py'
[0.215s] Level 1:colcon.colcon_core.package_identification:_identify(docs/design) by extensions ['ignore', 'ignore_ament_install']
[0.215s] Level 1:colcon.colcon_core.package_identification:_identify(docs/design) by extension 'ignore'
[0.215s] Level 1:colcon.colcon_core.package_identification:_identify(docs/design) by extension 'ignore_ament_install'
[0.215s] Level 1:colcon.colcon_core.package_identification:_identify(docs/design) by extensions ['colcon_pkg']
[0.215s] Level 1:colcon.colcon_core.package_identification:_identify(docs/design) by extension 'colcon_pkg'
[0.215s] Level 1:colcon.colcon_core.package_identification:_identify(docs/design) by extensions ['colcon_meta']
[0.215s] Level 1:colcon.colcon_core.package_identification:_identify(docs/design) by extension 'colcon_meta'
[0.215s] Level 1:colcon.colcon_core.package_identification:_identify(docs/design) by extensions ['ros']
[0.215s] Level 1:colcon.colcon_core.package_identification:_identify(docs/design) by extension 'ros'
[0.215s] Level 1:colcon.colcon_core.package_identification:_identify(docs/design) by extensions ['cmake', 'python']
[0.215s] Level 1:colcon.colcon_core.package_identification:_identify(docs/design) by extension 'cmake'
[0.215s] Level 1:colcon.colcon_core.package_identification:_identify(docs/design) by extension 'python'
[0.215s] Level 1:colcon.colcon_core.package_identification:_identify(docs/design) by extensions ['python_setup_py']
[0.215s] Level 1:colcon.colcon_core.package_identification:_identify(docs/design) by extension 'python_setup_py'
[0.215s] Level 1:colcon.colcon_core.package_identification:_identify(install) by extensions ['ignore', 'ignore_ament_install']
[0.216s] Level 1:colcon.colcon_core.package_identification:_identify(install) by extension 'ignore'
[0.216s] Level 1:colcon.colcon_core.package_identification:_identify(install) ignored
[0.216s] Level 1:colcon.colcon_core.package_identification:_identify(liblz4_vendor) by extensions ['ignore', 'ignore_ament_install']
[0.216s] Level 1:colcon.colcon_core.package_identification:_identify(liblz4_vendor) by extension 'ignore'
[0.216s] Level 1:colcon.colcon_core.package_identification:_identify(liblz4_vendor) by extension 'ignore_ament_install'
[0.216s] Level 1:colcon.colcon_core.package_identification:_identify(liblz4_vendor) by extensions ['colcon_pkg']
[0.216s] Level 1:colcon.colcon_core.package_identification:_identify(liblz4_vendor) by extension 'colcon_pkg'
[0.216s] Level 1:colcon.colcon_core.package_identification:_identify(liblz4_vendor) by extensions ['colcon_meta']
[0.216s] Level 1:colcon.colcon_core.package_identification:_identify(liblz4_vendor) by extension 'colcon_meta'
[0.216s] Level 1:colcon.colcon_core.package_identification:_identify(liblz4_vendor) by extensions ['ros']
[0.216s] Level 1:colcon.colcon_core.package_identification:_identify(liblz4_vendor) by extension 'ros'
[0.217s] DEBUG:colcon.colcon_core.package_identification:Package 'liblz4_vendor' with type 'ros.ament_cmake' and name 'liblz4_vendor'
[0.217s] Level 1:colcon.colcon_core.package_identification:_identify(log) by extensions ['ignore', 'ignore_ament_install']
[0.218s] Level 1:colcon.colcon_core.package_identification:_identify(log) by extension 'ignore'
[0.218s] Level 1:colcon.colcon_core.package_identification:_identify(log) ignored
[0.218s] Level 1:colcon.colcon_core.package_identification:_identify(mcap_vendor) by extensions ['ignore', 'ignore_ament_install']
[0.218s] Level 1:colcon.colcon_core.package_identification:_identify(mcap_vendor) by extension 'ignore'
[0.218s] Level 1:colcon.colcon_core.package_identification:_identify(mcap_vendor) by extension 'ignore_ament_install'
[0.218s] Level 1:colcon.colcon_core.package_identification:_identify(mcap_vendor) by extensions ['colcon_pkg']
[0.218s] Level 1:colcon.colcon_core.package_identification:_identify(mcap_vendor) by extension 'colcon_pkg'
[0.218s] Level 1:colcon.colcon_core.package_identification:_identify(mcap_vendor) by extensions ['colcon_meta']
[0.218s] Level 1:colcon.colcon_core.package_identification:_identify(mcap_vendor) by extension 'colcon_meta'
[0.218s] Level 1:colcon.colcon_core.package_identification:_identify(mcap_vendor) by extensions ['ros']
[0.218s] Level 1:colcon.colcon_core.package_identification:_identify(mcap_vendor) by extension 'ros'
[0.218s] DEBUG:colcon.colcon_core.package_identification:Package 'mcap_vendor' with type 'ros.ament_cmake' and name 'mcap_vendor'
[0.218s] Level 1:colcon.colcon_core.package_identification:_identify(ros2bag) by extensions ['ignore', 'ignore_ament_install']
[0.218s] Level 1:colcon.colcon_core.package_identification:_identify(ros2bag) by extension 'ignore'
[0.218s] Level 1:colcon.colcon_core.package_identification:_identify(ros2bag) by extension 'ignore_ament_install'
[0.218s] Level 1:colcon.colcon_core.package_identification:_identify(ros2bag) by extensions ['colcon_pkg']
[0.218s] Level 1:colcon.colcon_core.package_identification:_identify(ros2bag) by extension 'colcon_pkg'
[0.218s] Level 1:colcon.colcon_core.package_identification:_identify(ros2bag) by extensions ['colcon_meta']
[0.218s] Level 1:colcon.colcon_core.package_identification:_identify(ros2bag) by extension 'colcon_meta'
[0.218s] Level 1:colcon.colcon_core.package_identification:_identify(ros2bag) by extensions ['ros']
[0.218s] Level 1:colcon.colcon_core.package_identification:_identify(ros2bag) by extension 'ros'
[0.219s] DEBUG:colcon.colcon_core.package_identification:Package 'ros2bag' with type 'ros.ament_python' and name 'ros2bag'
[0.219s] Level 1:colcon.colcon_core.package_identification:_identify(rosbag2) by extensions ['ignore', 'ignore_ament_install']
[0.219s] Level 1:colcon.colcon_core.package_identification:_identify(rosbag2) by extension 'ignore'
[0.219s] Level 1:colcon.colcon_core.package_identification:_identify(rosbag2) by extension 'ignore_ament_install'
[0.219s] Level 1:colcon.colcon_core.package_identification:_identify(rosbag2) by extensions ['colcon_pkg']
[0.219s] Level 1:colcon.colcon_core.package_identification:_identify(rosbag2) by extension 'colcon_pkg'
[0.219s] Level 1:colcon.colcon_core.package_identification:_identify(rosbag2) by extensions ['colcon_meta']
[0.219s] Level 1:colcon.colcon_core.package_identification:_identify(rosbag2) by extension 'colcon_meta'
[0.219s] Level 1:colcon.colcon_core.package_identification:_identify(rosbag2) by extensions ['ros']
[0.219s] Level 1:colcon.colcon_core.package_identification:_identify(rosbag2) by extension 'ros'
[0.219s] DEBUG:colcon.colcon_core.package_identification:Package 'rosbag2' with type 'ros.ament_cmake' and name 'rosbag2'
[0.219s] Level 1:colcon.colcon_core.package_identification:_identify(rosbag2_compression) by extensions ['ignore', 'ignore_ament_install']
[0.219s] Level 1:colcon.colcon_core.package_identification:_identify(rosbag2_compression) by extension 'ignore'
[0.219s] Level 1:colcon.colcon_core.package_identification:_identify(rosbag2_compression) by extension 'ignore_ament_install'
[0.219s] Level 1:colcon.colcon_core.package_identification:_identify(rosbag2_compression) by extensions ['colcon_pkg']
[0.219s] Level 1:colcon.colcon_core.package_identification:_identify(rosbag2_compression) by extension 'colcon_pkg'
[0.219s] Level 1:colcon.colcon_core.package_identification:_identify(rosbag2_compression) by extensions ['colcon_meta']
[0.219s] Level 1:colcon.colcon_core.package_identification:_identify(rosbag2_compression) by extension 'colcon_meta'
[0.219s] Level 1:colcon.colcon_core.package_identification:_identify(rosbag2_compression) by extensions ['ros']
[0.219s] Level 1:colcon.colcon_core.package_identification:_identify(rosbag2_compression) by extension 'ros'
[0.220s] DEBUG:colcon.colcon_core.package_identification:Package 'rosbag2_compression' with type 'ros.ament_cmake' and name 'rosbag2_compression'
[0.220s] Level 1:colcon.colcon_core.package_identification:_identify(rosbag2_compression_zstd) by extensions ['ignore', 'ignore_ament_install']
[0.220s] Level 1:colcon.colcon_core.package_identification:_identify(rosbag2_compression_zstd) by extension 'ignore'
[0.220s] Level 1:colcon.colcon_core.package_identification:_identify(rosbag2_compression_zstd) by extension 'ignore_ament_install'
[0.220s] Level 1:colcon.colcon_core.package_identification:_identify(rosbag2_compression_zstd) by extensions ['colcon_pkg']
[0.220s] Level 1:colcon.colcon_core.package_identification:_identify(rosbag2_compression_zstd) by extension 'colcon_pkg'
[0.220s] Level 1:colcon.colcon_core.package_identification:_identify(rosbag2_compression_zstd) by extensions ['colcon_meta']
[0.220s] Level 1:colcon.colcon_core.package_identification:_identify(rosbag2_compression_zstd) by extension 'colcon_meta'
[0.220s] Level 1:colcon.colcon_core.package_identification:_identify(rosbag2_compression_zstd) by extensions ['ros']
[0.220s] Level 1:colcon.colcon_core.package_identification:_identify(rosbag2_compression_zstd) by extension 'ros'
[0.220s] DEBUG:colcon.colcon_core.package_identification:Package 'rosbag2_compression_zstd' with type 'ros.ament_cmake' and name 'rosbag2_compression_zstd'
[0.220s] Level 1:colcon.colcon_core.package_identification:_identify(rosbag2_cpp) by extensions ['ignore', 'ignore_ament_install']
[0.220s] Level 1:colcon.colcon_core.package_identification:_identify(rosbag2_cpp) by extension 'ignore'
[0.220s] Level 1:colcon.colcon_core.package_identification:_identify(rosbag2_cpp) by extension 'ignore_ament_install'
[0.220s] Level 1:colcon.colcon_core.package_identification:_identify(rosbag2_cpp) by extensions ['colcon_pkg']
[0.220s] Level 1:colcon.colcon_core.package_identification:_identify(rosbag2_cpp) by extension 'colcon_pkg'
[0.220s] Level 1:colcon.colcon_core.package_identification:_identify(rosbag2_cpp) by extensions ['colcon_meta']
[0.220s] Level 1:colcon.colcon_core.package_identification:_identify(rosbag2_cpp) by extension 'colcon_meta'
[0.220s] Level 1:colcon.colcon_core.package_identification:_identify(rosbag2_cpp) by extensions ['ros']
[0.220s] Level 1:colcon.colcon_core.package_identification:_identify(rosbag2_cpp) by extension 'ros'
[0.221s] DEBUG:colcon.colcon_core.package_identification:Package 'rosbag2_cpp' with type 'ros.ament_cmake' and name 'rosbag2_cpp'
[0.221s] Level 1:colcon.colcon_core.package_identification:_identify(rosbag2_examples) by extensions ['ignore', 'ignore_ament_install']
[0.221s] Level 1:colcon.colcon_core.package_identification:_identify(rosbag2_examples) by extension 'ignore'
[0.221s] Level 1:colcon.colcon_core.package_identification:_identify(rosbag2_examples) by extension 'ignore_ament_install'
[0.221s] Level 1:colcon.colcon_core.package_identification:_identify(rosbag2_examples) by extensions ['colcon_pkg']
[0.221s] Level 1:colcon.colcon_core.package_identification:_identify(rosbag2_examples) by extension 'colcon_pkg'
[0.221s] Level 1:colcon.colcon_core.package_identification:_identify(rosbag2_examples) by extensions ['colcon_meta']
[0.221s] Level 1:colcon.colcon_core.package_identification:_identify(rosbag2_examples) by extension 'colcon_meta'
[0.221s] Level 1:colcon.colcon_core.package_identification:_identify(rosbag2_examples) by extensions ['ros']
[0.221s] Level 1:colcon.colcon_core.package_identification:_identify(rosbag2_examples) by extension 'ros'
[0.221s] Level 1:colcon.colcon_core.package_identification:_identify(rosbag2_examples) by extensions ['cmake', 'python']
[0.221s] Level 1:colcon.colcon_core.package_identification:_identify(rosbag2_examples) by extension 'cmake'
[0.221s] Level 1:colcon.colcon_core.package_identification:_identify(rosbag2_examples) by extension 'python'
[0.221s] Level 1:colcon.colcon_core.package_identification:_identify(rosbag2_examples) by extensions ['python_setup_py']
[0.221s] Level 1:colcon.colcon_core.package_identification:_identify(rosbag2_examples) by extension 'python_setup_py'
[0.221s] Level 1:colcon.colcon_core.package_identification:_identify(rosbag2_examples/rosbag2_examples_cpp) by extensions ['ignore', 'ignore_ament_install']
[0.221s] Level 1:colcon.colcon_core.package_identification:_identify(rosbag2_examples/rosbag2_examples_cpp) by extension 'ignore'
[0.222s] Level 1:colcon.colcon_core.package_identification:_identify(rosbag2_examples/rosbag2_examples_cpp) by extension 'ignore_ament_install'
[0.222s] Level 1:colcon.colcon_core.package_identification:_identify(rosbag2_examples/rosbag2_examples_cpp) by extensions ['colcon_pkg']
[0.222s] Level 1:colcon.colcon_core.package_identification:_identify(rosbag2_examples/rosbag2_examples_cpp) by extension 'colcon_pkg'
[0.222s] Level 1:colcon.colcon_core.package_identification:_identify(rosbag2_examples/rosbag2_examples_cpp) by extensions ['colcon_meta']
[0.222s] Level 1:colcon.colcon_core.package_identification:_identify(rosbag2_examples/rosbag2_examples_cpp) by extension 'colcon_meta'
[0.222s] Level 1:colcon.colcon_core.package_identification:_identify(rosbag2_examples/rosbag2_examples_cpp) by extensions ['ros']
[0.222s] Level 1:colcon.colcon_core.package_identification:_identify(rosbag2_examples/rosbag2_examples_cpp) by extension 'ros'
[0.222s] DEBUG:colcon.colcon_core.package_identification:Package 'rosbag2_examples/rosbag2_examples_cpp' with type 'ros.ament_cmake' and name 'rosbag2_examples_cpp'
[0.222s] Level 1:colcon.colcon_core.package_identification:_identify(rosbag2_examples/rosbag2_examples_py) by extensions ['ignore', 'ignore_ament_install']
[0.222s] Level 1:colcon.colcon_core.package_identification:_identify(rosbag2_examples/rosbag2_examples_py) by extension 'ignore'
[0.222s] Level 1:colcon.colcon_core.package_identification:_identify(rosbag2_examples/rosbag2_examples_py) by extension 'ignore_ament_install'
[0.222s] Level 1:colcon.colcon_core.package_identification:_identify(rosbag2_examples/rosbag2_examples_py) by extensions ['colcon_pkg']
[0.222s] Level 1:colcon.colcon_core.package_identification:_identify(rosbag2_examples/rosbag2_examples_py) by extension 'colcon_pkg'
[0.222s] Level 1:colcon.colcon_core.package_identification:_identify(rosbag2_examples/rosbag2_examples_py) by extensions ['colcon_meta']
[0.222s] Level 1:colcon.colcon_core.package_identification:_identify(rosbag2_examples/rosbag2_examples_py) by extension 'colcon_meta'
[0.222s] Level 1:colcon.colcon_core.package_identification:_identify(rosbag2_examples/rosbag2_examples_py) by extensions ['ros']
[0.222s] Level 1:colcon.colcon_core.package_identification:_identify(rosbag2_examples/rosbag2_examples_py) by extension 'ros'
[0.222s] DEBUG:colcon.colcon_core.package_identification:Package 'rosbag2_examples/rosbag2_examples_py' with type 'ros.ament_python' and name 'rosbag2_examples_py'
[0.222s] Level 1:colcon.colcon_core.package_identification:_identify(rosbag2_interfaces) by extensions ['ignore', 'ignore_ament_install']
[0.222s] Level 1:colcon.colcon_core.package_identification:_identify(rosbag2_interfaces) by extension 'ignore'
[0.223s] Level 1:colcon.colcon_core.package_identification:_identify(rosbag2_interfaces) by extension 'ignore_ament_install'
[0.223s] Level 1:colcon.colcon_core.package_identification:_identify(rosbag2_interfaces) by extensions ['colcon_pkg']
[0.223s] Level 1:colcon.colcon_core.package_identification:_identify(rosbag2_interfaces) by extension 'colcon_pkg'
[0.223s] Level 1:colcon.colcon_core.package_identification:_identify(rosbag2_interfaces) by extensions ['colcon_meta']
[0.223s] Level 1:colcon.colcon_core.package_identification:_identify(rosbag2_interfaces) by extension 'colcon_meta'
[0.223s] Level 1:colcon.colcon_core.package_identification:_identify(rosbag2_interfaces) by extensions ['ros']
[0.223s] Level 1:colcon.colcon_core.package_identification:_identify(rosbag2_interfaces) by extension 'ros'
[0.223s] DEBUG:colcon.colcon_core.package_identification:Package 'rosbag2_interfaces' with type 'ros.ament_cmake' and name 'rosbag2_interfaces'
[0.223s] Level 1:colcon.colcon_core.package_identification:_identify(rosbag2_performance) by extensions ['ignore', 'ignore_ament_install']
[0.223s] Level 1:colcon.colcon_core.package_identification:_identify(rosbag2_performance) by extension 'ignore'
[0.223s] Level 1:colcon.colcon_core.package_identification:_identify(rosbag2_performance) by extension 'ignore_ament_install'
[0.223s] Level 1:colcon.colcon_core.package_identification:_identify(rosbag2_performance) by extensions ['colcon_pkg']
[0.223s] Level 1:colcon.colcon_core.package_identification:_identify(rosbag2_performance) by extension 'colcon_pkg'
[0.223s] Level 1:colcon.colcon_core.package_identification:_identify(rosbag2_performance) by extensions ['colcon_meta']
[0.223s] Level 1:colcon.colcon_core.package_identification:_identify(rosbag2_performance) by extension 'colcon_meta'
[0.223s] Level 1:colcon.colcon_core.package_identification:_identify(rosbag2_performance) by extensions ['ros']
[0.223s] Level 1:colcon.colcon_core.package_identification:_identify(rosbag2_performance) by extension 'ros'
[0.223s] Level 1:colcon.colcon_core.package_identification:_identify(rosbag2_performance) by extensions ['cmake', 'python']
[0.223s] Level 1:colcon.colcon_core.package_identification:_identify(rosbag2_performance) by extension 'cmake'
[0.223s] Level 1:colcon.colcon_core.package_identification:_identify(rosbag2_performance) by extension 'python'
[0.223s] Level 1:colcon.colcon_core.package_identification:_identify(rosbag2_performance) by extensions ['python_setup_py']
[0.223s] Level 1:colcon.colcon_core.package_identification:_identify(rosbag2_performance) by extension 'python_setup_py'
[0.223s] Level 1:colcon.colcon_core.package_identification:_identify(rosbag2_performance/rosbag2_performance_benchmarking) by extensions ['ignore', 'ignore_ament_install']
[0.223s] Level 1:colcon.colcon_core.package_identification:_identify(rosbag2_performance/rosbag2_performance_benchmarking) by extension 'ignore'
[0.223s] Level 1:colcon.colcon_core.package_identification:_identify(rosbag2_performance/rosbag2_performance_benchmarking) by extension 'ignore_ament_install'
[0.223s] Level 1:colcon.colcon_core.package_identification:_identify(rosbag2_performance/rosbag2_performance_benchmarking) by extensions ['colcon_pkg']
[0.223s] Level 1:colcon.colcon_core.package_identification:_identify(rosbag2_performance/rosbag2_performance_benchmarking) by extension 'colcon_pkg'
[0.223s] Level 1:colcon.colcon_core.package_identification:_identify(rosbag2_performance/rosbag2_performance_benchmarking) by extensions ['colcon_meta']
[0.223s] Level 1:colcon.colcon_core.package_identification:_identify(rosbag2_performance/rosbag2_performance_benchmarking) by extension 'colcon_meta'
[0.223s] Level 1:colcon.colcon_core.package_identification:_identify(rosbag2_performance/rosbag2_performance_benchmarking) by extensions ['ros']
[0.223s] Level 1:colcon.colcon_core.package_identification:_identify(rosbag2_performance/rosbag2_performance_benchmarking) by extension 'ros'
[0.224s] DEBUG:colcon.colcon_core.package_identification:Package 'rosbag2_performance/rosbag2_performance_benchmarking' with type 'ros.ament_cmake' and name 'rosbag2_performance_benchmarking'
[0.224s] Level 1:colcon.colcon_core.package_identification:_identify(rosbag2_performance/rosbag2_performance_benchmarking_msgs) by extensions ['ignore', 'ignore_ament_install']
[0.224s] Level 1:colcon.colcon_core.package_identification:_identify(rosbag2_performance/rosbag2_performance_benchmarking_msgs) by extension 'ignore'
[0.224s] Level 1:colcon.colcon_core.package_identification:_identify(rosbag2_performance/rosbag2_performance_benchmarking_msgs) by extension 'ignore_ament_install'
[0.224s] Level 1:colcon.colcon_core.package_identification:_identify(rosbag2_performance/rosbag2_performance_benchmarking_msgs) by extensions ['colcon_pkg']
[0.224s] Level 1:colcon.colcon_core.package_identification:_identify(rosbag2_performance/rosbag2_performance_benchmarking_msgs) by extension 'colcon_pkg'
[0.224s] Level 1:colcon.colcon_core.package_identification:_identify(rosbag2_performance/rosbag2_performance_benchmarking_msgs) by extensions ['colcon_meta']
[0.224s] Level 1:colcon.colcon_core.package_identification:_identify(rosbag2_performance/rosbag2_performance_benchmarking_msgs) by extension 'colcon_meta'
[0.224s] Level 1:colcon.colcon_core.package_identification:_identify(rosbag2_performance/rosbag2_performance_benchmarking_msgs) by extensions ['ros']
[0.224s] Level 1:colcon.colcon_core.package_identification:_identify(rosbag2_performance/rosbag2_performance_benchmarking_msgs) by extension 'ros'
[0.224s] DEBUG:colcon.colcon_core.package_identification:Package 'rosbag2_performance/rosbag2_performance_benchmarking_msgs' with type 'ros.ament_cmake' and name 'rosbag2_performance_benchmarking_msgs'
[0.224s] Level 1:colcon.colcon_core.package_identification:_identify(rosbag2_py) by extensions ['ignore', 'ignore_ament_install']
[0.225s] Level 1:colcon.colcon_core.package_identification:_identify(rosbag2_py) by extension 'ignore'
[0.225s] Level 1:colcon.colcon_core.package_identification:_identify(rosbag2_py) by extension 'ignore_ament_install'
[0.225s] Level 1:colcon.colcon_core.package_identification:_identify(rosbag2_py) by extensions ['colcon_pkg']
[0.225s] Level 1:colcon.colcon_core.package_identification:_identify(rosbag2_py) by extension 'colcon_pkg'
[0.225s] Level 1:colcon.colcon_core.package_identification:_identify(rosbag2_py) by extensions ['colcon_meta']
[0.225s] Level 1:colcon.colcon_core.package_identification:_identify(rosbag2_py) by extension 'colcon_meta'
[0.225s] Level 1:colcon.colcon_core.package_identification:_identify(rosbag2_py) by extensions ['ros']
[0.225s] Level 1:colcon.colcon_core.package_identification:_identify(rosbag2_py) by extension 'ros'
[0.225s] DEBUG:colcon.colcon_core.package_identification:Package 'rosbag2_py' with type 'ros.ament_cmake' and name 'rosbag2_py'
[0.225s] Level 1:colcon.colcon_core.package_identification:_identify(rosbag2_storage) by extensions ['ignore', 'ignore_ament_install']
[0.225s] Level 1:colcon.colcon_core.package_identification:_identify(rosbag2_storage) by extension 'ignore'
[0.225s] Level 1:colcon.colcon_core.package_identification:_identify(rosbag2_storage) by extension 'ignore_ament_install'
[0.225s] Level 1:colcon.colcon_core.package_identification:_identify(rosbag2_storage) by extensions ['colcon_pkg']
[0.225s] Level 1:colcon.colcon_core.package_identification:_identify(rosbag2_storage) by extension 'colcon_pkg'
[0.225s] Level 1:colcon.colcon_core.package_identification:_identify(rosbag2_storage) by extensions ['colcon_meta']
[0.225s] Level 1:colcon.colcon_core.package_identification:_identify(rosbag2_storage) by extension 'colcon_meta'
[0.225s] Level 1:colcon.colcon_core.package_identification:_identify(rosbag2_storage) by extensions ['ros']
[0.225s] Level 1:colcon.colcon_core.package_identification:_identify(rosbag2_storage) by extension 'ros'
[0.226s] DEBUG:colcon.colcon_core.package_identification:Package 'rosbag2_storage' with type 'ros.ament_cmake' and name 'rosbag2_storage'
[0.226s] Level 1:colcon.colcon_core.package_identification:_identify(rosbag2_storage_default_plugins) by extensions ['ignore', 'ignore_ament_install']
[0.226s] Level 1:colcon.colcon_core.package_identification:_identify(rosbag2_storage_default_plugins) by extension 'ignore'
[0.226s] Level 1:colcon.colcon_core.package_identification:_identify(rosbag2_storage_default_plugins) by extension 'ignore_ament_install'
[0.226s] Level 1:colcon.colcon_core.package_identification:_identify(rosbag2_storage_default_plugins) by extensions ['colcon_pkg']
[0.226s] Level 1:colcon.colcon_core.package_identification:_identify(rosbag2_storage_default_plugins) by extension 'colcon_pkg'
[0.226s] Level 1:colcon.colcon_core.package_identification:_identify(rosbag2_storage_default_plugins) by extensions ['colcon_meta']
[0.226s] Level 1:colcon.colcon_core.package_identification:_identify(rosbag2_storage_default_plugins) by extension 'colcon_meta'
[0.226s] Level 1:colcon.colcon_core.package_identification:_identify(rosbag2_storage_default_plugins) by extensions ['ros']
[0.226s] Level 1:colcon.colcon_core.package_identification:_identify(rosbag2_storage_default_plugins) by extension 'ros'
[0.226s] DEBUG:colcon.colcon_core.package_identification:Package 'rosbag2_storage_default_plugins' with type 'ros.ament_cmake' and name 'rosbag2_storage_default_plugins'
[0.226s] Level 1:colcon.colcon_core.package_identification:_identify(rosbag2_storage_mcap) by extensions ['ignore', 'ignore_ament_install']
[0.226s] Level 1:colcon.colcon_core.package_identification:_identify(rosbag2_storage_mcap) by extension 'ignore'
[0.226s] Level 1:colcon.colcon_core.package_identification:_identify(rosbag2_storage_mcap) by extension 'ignore_ament_install'
[0.226s] Level 1:colcon.colcon_core.package_identification:_identify(rosbag2_storage_mcap) by extensions ['colcon_pkg']
[0.226s] Level 1:colcon.colcon_core.package_identification:_identify(rosbag2_storage_mcap) by extension 'colcon_pkg'
[0.226s] Level 1:colcon.colcon_core.package_identification:_identify(rosbag2_storage_mcap) by extensions ['colcon_meta']
[0.226s] Level 1:colcon.colcon_core.package_identification:_identify(rosbag2_storage_mcap) by extension 'colcon_meta'
[0.226s] Level 1:colcon.colcon_core.package_identification:_identify(rosbag2_storage_mcap) by extensions ['ros']
[0.226s] Level 1:colcon.colcon_core.package_identification:_identify(rosbag2_storage_mcap) by extension 'ros'
[0.227s] DEBUG:colcon.colcon_core.package_identification:Package 'rosbag2_storage_mcap' with type 'ros.ament_cmake' and name 'rosbag2_storage_mcap'
[0.227s] Level 1:colcon.colcon_core.package_identification:_identify(rosbag2_storage_sqlite3) by extensions ['ignore', 'ignore_ament_install']
[0.227s] Level 1:colcon.colcon_core.package_identification:_identify(rosbag2_storage_sqlite3) by extension 'ignore'
[0.227s] Level 1:colcon.colcon_core.package_identification:_identify(rosbag2_storage_sqlite3) by extension 'ignore_ament_install'
[0.227s] Level 1:colcon.colcon_core.package_identification:_identify(rosbag2_storage_sqlite3) by extensions ['colcon_pkg']
[0.227s] Level 1:colcon.colcon_core.package_identification:_identify(rosbag2_storage_sqlite3) by extension 'colcon_pkg'
[0.227s] Level 1:colcon.colcon_core.package_identification:_identify(rosbag2_storage_sqlite3) by extensions ['colcon_meta']
[0.227s] Level 1:colcon.colcon_core.package_identification:_identify(rosbag2_storage_sqlite3) by extension 'colcon_meta'
[0.227s] Level 1:colcon.colcon_core.package_identification:_identify(rosbag2_storage_sqlite3) by extensions ['ros']
[0.227s] Level 1:colcon.colcon_core.package_identification:_identify(rosbag2_storage_sqlite3) by extension 'ros'
[0.227s] DEBUG:colcon.colcon_core.package_identification:Package 'rosbag2_storage_sqlite3' with type 'ros.ament_cmake' and name 'rosbag2_storage_sqlite3'
[0.227s] Level 1:colcon.colcon_core.package_identification:_identify(rosbag2_test_common) by extensions ['ignore', 'ignore_ament_install']
[0.227s] Level 1:colcon.colcon_core.package_identification:_identify(rosbag2_test_common) by extension 'ignore'
[0.227s] Level 1:colcon.colcon_core.package_identification:_identify(rosbag2_test_common) by extension 'ignore_ament_install'
[0.228s] Level 1:colcon.colcon_core.package_identification:_identify(rosbag2_test_common) by extensions ['colcon_pkg']
[0.228s] Level 1:colcon.colcon_core.package_identification:_identify(rosbag2_test_common) by extension 'colcon_pkg'
[0.228s] Level 1:colcon.colcon_core.package_identification:_identify(rosbag2_test_common) by extensions ['colcon_meta']
[0.228s] Level 1:colcon.colcon_core.package_identification:_identify(rosbag2_test_common) by extension 'colcon_meta'
[0.228s] Level 1:colcon.colcon_core.package_identification:_identify(rosbag2_test_common) by extensions ['ros']
[0.228s] Level 1:colcon.colcon_core.package_identification:_identify(rosbag2_test_common) by extension 'ros'
[0.228s] DEBUG:colcon.colcon_core.package_identification:Package 'rosbag2_test_common' with type 'ros.ament_cmake' and name 'rosbag2_test_common'
[0.228s] Level 1:colcon.colcon_core.package_identification:_identify(rosbag2_test_msgdefs) by extensions ['ignore', 'ignore_ament_install']
[0.228s] Level 1:colcon.colcon_core.package_identification:_identify(rosbag2_test_msgdefs) by extension 'ignore'
[0.228s] Level 1:colcon.colcon_core.package_identification:_identify(rosbag2_test_msgdefs) by extension 'ignore_ament_install'
[0.228s] Level 1:colcon.colcon_core.package_identification:_identify(rosbag2_test_msgdefs) by extensions ['colcon_pkg']
[0.228s] Level 1:colcon.colcon_core.package_identification:_identify(rosbag2_test_msgdefs) by extension 'colcon_pkg'
[0.228s] Level 1:colcon.colcon_core.package_identification:_identify(rosbag2_test_msgdefs) by extensions ['colcon_meta']
[0.228s] Level 1:colcon.colcon_core.package_identification:_identify(rosbag2_test_msgdefs) by extension 'colcon_meta'
[0.228s] Level 1:colcon.colcon_core.package_identification:_identify(rosbag2_test_msgdefs) by extensions ['ros']
[0.228s] Level 1:colcon.colcon_core.package_identification:_identify(rosbag2_test_msgdefs) by extension 'ros'
[0.228s] DEBUG:colcon.colcon_core.package_identification:Package 'rosbag2_test_msgdefs' with type 'ros.ament_cmake' and name 'rosbag2_test_msgdefs'
[0.228s] Level 1:colcon.colcon_core.package_identification:_identify(rosbag2_tests) by extensions ['ignore', 'ignore_ament_install']
[0.228s] Level 1:colcon.colcon_core.package_identification:_identify(rosbag2_tests) by extension 'ignore'
[0.228s] Level 1:colcon.colcon_core.package_identification:_identify(rosbag2_tests) by extension 'ignore_ament_install'
[0.229s] Level 1:colcon.colcon_core.package_identification:_identify(rosbag2_tests) by extensions ['colcon_pkg']
[0.229s] Level 1:colcon.colcon_core.package_identification:_identify(rosbag2_tests) by extension 'colcon_pkg'
[0.229s] Level 1:colcon.colcon_core.package_identification:_identify(rosbag2_tests) by extensions ['colcon_meta']
[0.229s] Level 1:colcon.colcon_core.package_identification:_identify(rosbag2_tests) by extension 'colcon_meta'
[0.229s] Level 1:colcon.colcon_core.package_identification:_identify(rosbag2_tests) by extensions ['ros']
[0.229s] Level 1:colcon.colcon_core.package_identification:_identify(rosbag2_tests) by extension 'ros'
[0.229s] DEBUG:colcon.colcon_core.package_identification:Package 'rosbag2_tests' with type 'ros.ament_cmake' and name 'rosbag2_tests'
[0.229s] Level 1:colcon.colcon_core.package_identification:_identify(rosbag2_transport) by extensions ['ignore', 'ignore_ament_install']
[0.229s] Level 1:colcon.colcon_core.package_identification:_identify(rosbag2_transport) by extension 'ignore'
[0.229s] Level 1:colcon.colcon_core.package_identification:_identify(rosbag2_transport) by extension 'ignore_ament_install'
[0.229s] Level 1:colcon.colcon_core.package_identification:_identify(rosbag2_transport) by extensions ['colcon_pkg']
[0.229s] Level 1:colcon.colcon_core.package_identification:_identify(rosbag2_transport) by extension 'colcon_pkg'
[0.229s] Level 1:colcon.colcon_core.package_identification:_identify(rosbag2_transport) by extensions ['colcon_meta']
[0.229s] Level 1:colcon.colcon_core.package_identification:_identify(rosbag2_transport) by extension 'colcon_meta'
[0.229s] Level 1:colcon.colcon_core.package_identification:_identify(rosbag2_transport) by extensions ['ros']
[0.229s] Level 1:colcon.colcon_core.package_identification:_identify(rosbag2_transport) by extension 'ros'
[0.230s] DEBUG:colcon.colcon_core.package_identification:Package 'rosbag2_transport' with type 'ros.ament_cmake' and name 'rosbag2_transport'
[0.230s] Level 1:colcon.colcon_core.package_identification:_identify(shared_queues_vendor) by extensions ['ignore', 'ignore_ament_install']
[0.230s] Level 1:colcon.colcon_core.package_identification:_identify(shared_queues_vendor) by extension 'ignore'
[0.230s] Level 1:colcon.colcon_core.package_identification:_identify(shared_queues_vendor) by extension 'ignore_ament_install'
[0.230s] Level 1:colcon.colcon_core.package_identification:_identify(shared_queues_vendor) by extensions ['colcon_pkg']
[0.230s] Level 1:colcon.colcon_core.package_identification:_identify(shared_queues_vendor) by extension 'colcon_pkg'
[0.230s] Level 1:colcon.colcon_core.package_identification:_identify(shared_queues_vendor) by extensions ['colcon_meta']
[0.230s] Level 1:colcon.colcon_core.package_identification:_identify(shared_queues_vendor) by extension 'colcon_meta'
[0.230s] Level 1:colcon.colcon_core.package_identification:_identify(shared_queues_vendor) by extensions ['ros']
[0.230s] Level 1:colcon.colcon_core.package_identification:_identify(shared_queues_vendor) by extension 'ros'
[0.230s] DEBUG:colcon.colcon_core.package_identification:Package 'shared_queues_vendor' with type 'ros.ament_cmake' and name 'shared_queues_vendor'
[0.230s] Level 1:colcon.colcon_core.package_identification:_identify(sqlite3_vendor) by extensions ['ignore', 'ignore_ament_install']
[0.230s] Level 1:colcon.colcon_core.package_identification:_identify(sqlite3_vendor) by extension 'ignore'
[0.230s] Level 1:colcon.colcon_core.package_identification:_identify(sqlite3_vendor) by extension 'ignore_ament_install'
[0.230s] Level 1:colcon.colcon_core.package_identification:_identify(sqlite3_vendor) by extensions ['colcon_pkg']
[0.230s] Level 1:colcon.colcon_core.package_identification:_identify(sqlite3_vendor) by extension 'colcon_pkg'
[0.230s] Level 1:colcon.colcon_core.package_identification:_identify(sqlite3_vendor) by extensions ['colcon_meta']
[0.231s] Level 1:colcon.colcon_core.package_identification:_identify(sqlite3_vendor) by extension 'colcon_meta'
[0.231s] Level 1:colcon.colcon_core.package_identification:_identify(sqlite3_vendor) by extensions ['ros']
[0.231s] Level 1:colcon.colcon_core.package_identification:_identify(sqlite3_vendor) by extension 'ros'
[0.233s] DEBUG:colcon.colcon_core.package_identification:Package 'sqlite3_vendor' with type 'ros.ament_cmake' and name 'sqlite3_vendor'
[0.233s] Level 1:colcon.colcon_core.package_identification:_identify(zstd_vendor) by extensions ['ignore', 'ignore_ament_install']
[0.233s] Level 1:colcon.colcon_core.package_identification:_identify(zstd_vendor) by extension 'ignore'
[0.233s] Level 1:colcon.colcon_core.package_identification:_identify(zstd_vendor) by extension 'ignore_ament_install'
[0.233s] Level 1:colcon.colcon_core.package_identification:_identify(zstd_vendor) by extensions ['colcon_pkg']
[0.234s] Level 1:colcon.colcon_core.package_identification:_identify(zstd_vendor) by extension 'colcon_pkg'
[0.234s] Level 1:colcon.colcon_core.package_identification:_identify(zstd_vendor) by extensions ['colcon_meta']
[0.234s] Level 1:colcon.colcon_core.package_identification:_identify(zstd_vendor) by extension 'colcon_meta'
[0.234s] Level 1:colcon.colcon_core.package_identification:_identify(zstd_vendor) by extensions ['ros']
[0.234s] Level 1:colcon.colcon_core.package_identification:_identify(zstd_vendor) by extension 'ros'
[0.235s] DEBUG:colcon.colcon_core.package_identification:Package 'zstd_vendor' with type 'ros.ament_cmake' and name 'zstd_vendor'
[0.235s] Level 1:colcon.colcon_core.package_discovery:discover_packages(recursive) using defaults
[0.235s] Level 1:colcon.colcon_core.package_discovery:discover_packages(ignore) discover
[0.235s] Level 1:colcon.colcon_core.package_discovery:discover_packages(ignore) using defaults
[0.235s] Level 1:colcon.colcon_core.package_discovery:discover_packages(path) discover
[0.235s] Level 1:colcon.colcon_core.package_discovery:discover_packages(path) using defaults
[0.252s] INFO:colcon.colcon_core.package_selection:Skipping not selected package 'liblz4_vendor' in 'liblz4_vendor'
[0.252s] INFO:colcon.colcon_core.package_selection:Skipping not selected package 'rosbag2_interfaces' in 'rosbag2_interfaces'
[0.252s] INFO:colcon.colcon_core.package_selection:Skipping not selected package 'rosbag2_performance_benchmarking_msgs' in 'rosbag2_performance/rosbag2_performance_benchmarking_msgs'
[0.252s] INFO:colcon.colcon_core.package_selection:Skipping not selected package 'rosbag2_test_common' in 'rosbag2_test_common'
[0.252s] INFO:colcon.colcon_core.package_selection:Skipping not selected package 'rosbag2_test_msgdefs' in 'rosbag2_test_msgdefs'
[0.252s] INFO:colcon.colcon_core.package_selection:Skipping not selected package 'shared_queues_vendor' in 'shared_queues_vendor'
[0.252s] INFO:colcon.colcon_core.package_selection:Skipping not selected package 'sqlite3_vendor' in 'sqlite3_vendor'
[0.252s] INFO:colcon.colcon_core.package_selection:Skipping not selected package 'zstd_vendor' in 'zstd_vendor'
[0.252s] INFO:colcon.colcon_core.package_selection:Skipping not selected package 'mcap_vendor' in 'mcap_vendor'
[0.252s] INFO:colcon.colcon_core.package_selection:Skipping not selected package 'rosbag2_storage' in 'rosbag2_storage'
[0.252s] INFO:colcon.colcon_core.package_selection:Skipping not selected package 'rosbag2_storage_mcap' in 'rosbag2_storage_mcap'
[0.252s] INFO:colcon.colcon_core.package_selection:Skipping not selected package 'rosbag2_storage_sqlite3' in 'rosbag2_storage_sqlite3'
[0.252s] INFO:colcon.colcon_core.package_selection:Skipping not selected package 'rosbag2_storage_default_plugins' in 'rosbag2_storage_default_plugins'
[0.252s] INFO:colcon.colcon_core.package_selection:Skipping not selected package 'rosbag2_compression' in 'rosbag2_compression'
[0.252s] INFO:colcon.colcon_core.package_selection:Skipping not selected package 'rosbag2_examples_cpp' in 'rosbag2_examples/rosbag2_examples_cpp'
[0.252s] INFO:colcon.colcon_core.package_selection:Skipping not selected package 'rosbag2_compression_zstd' in 'rosbag2_compression_zstd'
[0.252s] INFO:colcon.colcon_core.package_selection:Skipping not selected package 'rosbag2_transport' in 'rosbag2_transport'
[0.252s] INFO:colcon.colcon_core.package_selection:Skipping not selected package 'rosbag2_py' in 'rosbag2_py'
[0.252s] INFO:colcon.colcon_core.package_selection:Skipping not selected package 'ros2bag' in 'ros2bag'
[0.252s] INFO:colcon.colcon_core.package_selection:Skipping not selected package 'rosbag2_examples_py' in 'rosbag2_examples/rosbag2_examples_py'
[0.252s] INFO:colcon.colcon_core.package_selection:Skipping not selected package 'rosbag2_performance_benchmarking' in 'rosbag2_performance/rosbag2_performance_benchmarking'
[0.252s] INFO:colcon.colcon_core.package_selection:Skipping not selected package 'rosbag2_tests' in 'rosbag2_tests'
[0.252s] INFO:colcon.colcon_core.package_selection:Skipping not selected package 'rosbag2' in 'rosbag2'
[0.252s] Level 1:colcon.colcon_core.package_discovery:discover_packages(prefix_path) check parameters
[0.252s] Level 1:colcon.colcon_core.package_discovery:discover_packages(prefix_path) discover
[0.254s] DEBUG:colcon.colcon_installed_package_information.package_discovery:Found 394 installed packages in /opt/ros/jazzy
[0.255s] Level 1:colcon.colcon_core.package_discovery:discover_packages(prefix_path) using defaults
[0.279s] WARNING:colcon.colcon_core.package_selection:Some selected packages are already built in one or more underlay workspaces:
	'rosbag2_cpp' is in: /opt/ros/jazzy
If a package in a merged underlay workspace is overridden and it installs headers, then all packages in the overlay must sort their include directories by workspace order. Failure to do so may result in build failures or undefined behavior at run time.
If the overridden package is used by another package in any underlay, then the overriding package in the overlay must be API and ABI compatible or undefined behavior at run time may occur.

If you understand the risks and want to override a package anyways, add the following to the command line:
	--allow-overriding rosbag2_cpp

This may be promoted to an error in a future release of colcon-override-check.
[0.279s] Level 5:colcon.colcon_core.verb:set package 'rosbag2_cpp' build argument 'cmake_args' from command line to '['-DCMAKE_BUILD_TYPE=Release']'
[0.279s] Level 5:colcon.colcon_core.verb:set package 'rosbag2_cpp' build argument 'cmake_target' from command line to 'None'
[0.279s] Level 5:colcon.colcon_core.verb:set package 'rosbag2_cpp' build argument 'cmake_target_skip_unavailable' from command line to 'False'
[0.279s] Level 5:colcon.colcon_core.verb:set package 'rosbag2_cpp' build argument 'cmake_clean_cache' from command line to 'False'
[0.279s] Level 5:colcon.colcon_core.verb:set package 'rosbag2_cpp' build argument 'cmake_clean_first' from command line to 'False'
[0.279s] Level 5:colcon.colcon_core.verb:set package 'rosbag2_cpp' build argument 'cmake_force_configure' from command line to 'False'
[0.279s] Level 5:colcon.colcon_core.verb:set package 'rosbag2_cpp' build argument 'ament_cmake_args' from command line to 'None'
[0.279s] Level 5:colcon.colcon_core.verb:set package 'rosbag2_cpp' build argument 'catkin_cmake_args' from command line to 'None'
[0.279s] Level 5:colcon.colcon_core.verb:set package 'rosbag2_cpp' build argument 'catkin_skip_building_tests' from command line to 'False'
[0.280s] DEBUG:colcon.colcon_core.verb:Building package 'rosbag2_cpp' with the following arguments: {'ament_cmake_args': None, 'build_base': '/home/fmt/.no-mistakes/worktrees/b8e3b0e906af/01KXF3EBXC00B6ZS69VCQBAJA8/build/rosbag2_cpp', 'catkin_cmake_args': None, 'catkin_skip_building_tests': False, 'cmake_args': ['-DCMAKE_BUILD_TYPE=Release'], 'cmake_clean_cache': False, 'cmake_clean_first': False, 'cmake_force_configure': False, 'cmake_target': None, 'cmake_target_skip_unavailable': False, 'install_base': '/home/fmt/.no-mistakes/worktrees/b8e3b0e906af/01KXF3EBXC00B6ZS69VCQBAJA8/install/rosbag2_cpp', 'merge_install': False, 'path': '/home/fmt/.no-mistakes/worktrees/b8e3b0e906af/01KXF3EBXC00B6ZS69VCQBAJA8/rosbag2_cpp', 'symlink_install': False, 'test_result_base': None}
[0.280s] INFO:colcon.colcon_core.executor:Executing jobs using 'parallel' executor
[0.280s] DEBUG:colcon.colcon_parallel_executor.executor.parallel:run_until_complete
[0.280s] INFO:colcon.colcon_ros.task.ament_cmake.build:Building ROS package in '/home/fmt/.no-mistakes/worktrees/b8e3b0e906af/01KXF3EBXC00B6ZS69VCQBAJA8/rosbag2_cpp' with build type 'ament_cmake'
[0.280s] INFO:colcon.colcon_cmake.task.cmake.build:Building CMake package in '/home/fmt/.no-mistakes/worktrees/b8e3b0e906af/01KXF3EBXC00B6ZS69VCQBAJA8/rosbag2_cpp'
[0.283s] INFO:colcon.colcon_core.plugin_system:Skipping extension 'colcon_core.shell.bat': Not used on non-Windows systems
[0.283s] INFO:colcon.colcon_core.shell:Skip shell extension 'powershell' for command environment: Not usable outside of PowerShell
[0.283s] DEBUG:colcon.colcon_core.shell:Skip shell extension 'dsv' for command environment
[0.284s] WARNING:colcon.colcon_core.shell:The following packages are in the workspace but haven't been built:
- liblz4_vendor
- sqlite3_vendor
- zstd_vendor
- mcap_vendor
- rosbag2_storage
- rosbag2_storage_mcap
- rosbag2_storage_sqlite3
- rosbag2_storage_default_plugins
They are being used from the following locations instead:
- /opt/ros/jazzy
- /opt/ros/jazzy
- /opt/ros/jazzy
- /opt/ros/jazzy
- /opt/ros/jazzy
- /opt/ros/jazzy
- /opt/ros/jazzy
- /opt/ros/jazzy
To suppress this warning ignore these packages in the workspace:
--packages-ignore liblz4_vendor sqlite3_vendor zstd_vendor mcap_vendor rosbag2_storage rosbag2_storage_mcap rosbag2_storage_sqlite3 rosbag2_storage_default_plugins
[0.284s] ERROR:colcon.colcon_cmake.task.cmake.build:Failed to find the following files:
- /home/fmt/.no-mistakes/worktrees/b8e3b0e906af/01KXF3EBXC00B6ZS69VCQBAJA8/install/rosbag2_test_common/share/rosbag2_test_common/package.sh
- /home/fmt/.no-mistakes/worktrees/b8e3b0e906af/01KXF3EBXC00B6ZS69VCQBAJA8/install/rosbag2_test_msgdefs/share/rosbag2_test_msgdefs/package.sh
Check that the following packages have been built:
- rosbag2_test_common
- rosbag2_test_msgdefs
[0.284s] Level 1:colcon.colcon_core.environment:create_environment_scripts_only(rosbag2_cpp)
[0.286s] Level 1:colcon.colcon_core.environment:checking '/home/fmt/.no-mistakes/worktrees/b8e3b0e906af/01KXF3EBXC00B6ZS69VCQBAJA8/install/rosbag2_cpp' for CMake module files
[0.286s] Level 1:colcon.colcon_core.environment:checking '/home/fmt/.no-mistakes/worktrees/b8e3b0e906af/01KXF3EBXC00B6ZS69VCQBAJA8/install/rosbag2_cpp' for CMake config files
[0.286s] Level 1:colcon.colcon_core.environment:checking '/home/fmt/.no-mistakes/worktrees/b8e3b0e906af/01KXF3EBXC00B6ZS69VCQBAJA8/install/rosbag2_cpp/bin'
[0.286s] Level 1:colcon.colcon_core.environment:checking '/home/fmt/.no-mistakes/worktrees/b8e3b0e906af/01KXF3EBXC00B6ZS69VCQBAJA8/install/rosbag2_cpp/lib/pkgconfig/rosbag2_cpp.pc'
[0.286s] Level 1:colcon.colcon_core.environment:checking '/home/fmt/.no-mistakes/worktrees/b8e3b0e906af/01KXF3EBXC00B6ZS69VCQBAJA8/install/rosbag2_cpp/lib/python3.12/site-packages'
[0.287s] Level 1:colcon.colcon_core.environment:checking '/home/fmt/.no-mistakes/worktrees/b8e3b0e906af/01KXF3EBXC00B6ZS69VCQBAJA8/install/rosbag2_cpp/bin'
[0.287s] INFO:colcon.colcon_core.shell:Creating package script '/home/fmt/.no-mistakes/worktrees/b8e3b0e906af/01KXF3EBXC00B6ZS69VCQBAJA8/install/rosbag2_cpp/share/rosbag2_cpp/package.ps1'
[0.287s] INFO:colcon.colcon_core.shell:Creating package descriptor '/home/fmt/.no-mistakes/worktrees/b8e3b0e906af/01KXF3EBXC00B6ZS69VCQBAJA8/install/rosbag2_cpp/share/rosbag2_cpp/package.dsv'
[0.288s] INFO:colcon.colcon_core.shell:Creating package script '/home/fmt/.no-mistakes/worktrees/b8e3b0e906af/01KXF3EBXC00B6ZS69VCQBAJA8/install/rosbag2_cpp/share/rosbag2_cpp/package.sh'
[0.288s] INFO:colcon.colcon_core.shell:Creating package script '/home/fmt/.no-mistakes/worktrees/b8e3b0e906af/01KXF3EBXC00B6ZS69VCQBAJA8/install/rosbag2_cpp/share/rosbag2_cpp/package.bash'
[0.288s] INFO:colcon.colcon_core.shell:Creating package script '/home/fmt/.no-mistakes/worktrees/b8e3b0e906af/01KXF3EBXC00B6ZS69VCQBAJA8/install/rosbag2_cpp/share/rosbag2_cpp/package.zsh'
[0.288s] Level 1:colcon.colcon_core.environment:create_file_with_runtime_dependencies(/home/fmt/.no-mistakes/worktrees/b8e3b0e906af/01KXF3EBXC00B6ZS69VCQBAJA8/install/rosbag2_cpp/share/colcon-core/packages/rosbag2_cpp)
[0.299s] DEBUG:colcon.colcon_parallel_executor.executor.parallel:closing loop
[0.299s] DEBUG:colcon.colcon_parallel_executor.executor.parallel:loop closed
[0.299s] DEBUG:colcon.colcon_parallel_executor.executor.parallel:run_until_complete finished with '1'
[0.299s] DEBUG:colcon.colcon_core.event_reactor:joining thread
[0.307s] INFO:colcon.colcon_core.plugin_system:Skipping extension 'colcon_notification.desktop_notification.terminal_notifier': Not used on non-Darwin systems
[0.307s] INFO:colcon.colcon_core.plugin_system:Skipping extension 'colcon_notification.desktop_notification.win32': Not used on non-Windows systems
[0.307s] INFO:colcon.colcon_notification.desktop_notification:Sending desktop notification using 'notify2'
[0.308s] DEBUG:colcon.colcon_notification.desktop_notification.notify2:Failed to initialize notify2: org.freedesktop.DBus.Error.ServiceUnknown: The name org.freedesktop.Notifications was not provided by any .service files
[0.308s] DEBUG:colcon.colcon_core.event_reactor:joined thread
[0.308s] INFO:colcon.colcon_core.shell:Creating prefix script '/home/fmt/.no-mistakes/worktrees/b8e3b0e906af/01KXF3EBXC00B6ZS69VCQBAJA8/install/local_setup.ps1'
[0.308s] INFO:colcon.colcon_core.shell:Creating prefix util module '/home/fmt/.no-mistakes/worktrees/b8e3b0e906af/01KXF3EBXC00B6ZS69VCQBAJA8/install/_local_setup_util_ps1.py'
[0.309s] INFO:colcon.colcon_core.shell:Creating prefix chain script '/home/fmt/.no-mistakes/worktrees/b8e3b0e906af/01KXF3EBXC00B6ZS69VCQBAJA8/install/setup.ps1'
[0.309s] INFO:colcon.colcon_core.shell:Creating prefix script '/home/fmt/.no-mistakes/worktrees/b8e3b0e906af/01KXF3EBXC00B6ZS69VCQBAJA8/install/local_setup.sh'
[0.309s] INFO:colcon.colcon_core.shell:Creating prefix util module '/home/fmt/.no-mistakes/worktrees/b8e3b0e906af/01KXF3EBXC00B6ZS69VCQBAJA8/install/_local_setup_util_sh.py'
[0.310s] INFO:colcon.colcon_core.shell:Creating prefix chain script '/home/fmt/.no-mistakes/worktrees/b8e3b0e906af/01KXF3EBXC00B6ZS69VCQBAJA8/install/setup.sh'
[0.310s] INFO:colcon.colcon_core.shell:Creating prefix script '/home/fmt/.no-mistakes/worktrees/b8e3b0e906af/01KXF3EBXC00B6ZS69VCQBAJA8/install/local_setup.bash'
[0.310s] INFO:colcon.colcon_core.shell:Creating prefix chain script '/home/fmt/.no-mistakes/worktrees/b8e3b0e906af/01KXF3EBXC00B6ZS69VCQBAJA8/install/setup.bash'
[0.311s] INFO:colcon.colcon_core.shell:Creating prefix script '/home/fmt/.no-mistakes/worktrees/b8e3b0e906af/01KXF3EBXC00B6ZS69VCQBAJA8/install/local_setup.zsh'
[0.311s] INFO:colcon.colcon_core.shell:Creating prefix chain script '/home/fmt/.no-mistakes/worktrees/b8e3b0e906af/01KXF3EBXC00B6ZS69VCQBAJA8/install/setup.zsh'
