-- The C compiler identification is GNU 13.3.0
-- The CXX compiler identification is GNU 13.3.0
-- Detecting C compiler ABI info
-- Detecting C compiler ABI info - done
-- Check for working C compiler: /usr/bin/cc - skipped
-- Detecting C compile features
-- Detecting C compile features - done
-- Detecting CXX compiler ABI info
-- Detecting CXX compiler ABI info - done
-- Check for working CXX compiler: /usr/bin/c++ - skipped
-- Detecting CXX compile features
-- Detecting CXX compile features - done
-- Found ament_cmake: 2.5.6 (/opt/ros/jazzy/share/ament_cmake/cmake)
-- Found Python3: /usr/bin/python3 (found version "3.12.3") found components: Interpreter 
-- Found ament_index_cpp: 1.8.2 (/opt/ros/jazzy/share/ament_index_cpp/cmake)
-- Found mcap_vendor: 0.26.11 (/home/fmt/.no-mistakes/worktrees/b8e3b0e906af/01KXF3EBXC00B6ZS69VCQBAJA8/install/mcap_vendor/share/mcap_vendor/cmake)
-- Found pluginlib: 5.4.5 (/opt/ros/jazzy/share/pluginlib/cmake)
-- Found TinyXML2 via Config file: /usr/lib/x86_64-linux-gnu/cmake/tinyxml2
-- Found rosbag2_storage: 0.26.11 (/home/fmt/.no-mistakes/worktrees/b8e3b0e906af/01KXF3EBXC00B6ZS69VCQBAJA8/install/rosbag2_storage/share/rosbag2_storage/cmake)
-- Found rosidl_generator_c: 4.6.7 (/opt/ros/jazzy/share/rosidl_generator_c/cmake)
-- Found rosidl_generator_cpp: 4.6.7 (/opt/ros/jazzy/share/rosidl_generator_cpp/cmake)
-- Using all available rosidl_typesupport_c: rosidl_typesupport_fastrtps_c;rosidl_typesupport_introspection_c
-- Using all available rosidl_typesupport_cpp: rosidl_typesupport_fastrtps_cpp;rosidl_typesupport_introspection_cpp
-- Found rmw_implementation_cmake: 7.3.3 (/opt/ros/jazzy/share/rmw_implementation_cmake/cmake)
-- Found rmw_cyclonedds_cpp: 2.2.3 (/opt/ros/jazzy/share/rmw_cyclonedds_cpp/cmake)
-- Using RMW implementation 'rmw_cyclonedds_cpp' as default
-- Setting yaml-cpp_DIR to: '/opt/ros/jazzy/share/yaml_cpp_vendor/cmake/../../../opt/yaml_cpp_vendor/share/cmake/yaml-cpp'
-- Found ament_cmake_gmock: 2.5.6 (/opt/ros/jazzy/share/ament_cmake_gmock/cmake)
-- Found ament_lint_auto: 0.17.5 (/opt/ros/jazzy/share/ament_lint_auto/cmake)
-- Found rosbag2_test_common: 0.26.11 (/home/fmt/.no-mistakes/worktrees/b8e3b0e906af/01KXF3EBXC00B6ZS69VCQBAJA8/install/rosbag2_test_common/share/rosbag2_test_common/cmake)
-- Found std_msgs: 5.3.7 (/opt/ros/jazzy/share/std_msgs/cmake)
-- Found gmock sources under '/opt/ros/jazzy/src/gmock_vendor': C++ tests using 'Google Mock' will be built
-- Found ament_cmake_gtest: 2.5.6 (/opt/ros/jazzy/share/ament_cmake_gtest/cmake)
-- Found gtest sources under '/opt/ros/jazzy/src/gtest_vendor': C++ tests using 'Google Test' will be built
-- Added test 'clang_format' to check C / C++ code style
-- Added test 'copyright' to check source files copyright and LICENSE
-- Added test 'cppcheck' to perform static code analysis on C / C++ code
-- Configured cppcheck include dirs: $<BUILD_INTERFACE:/home/fmt/.no-mistakes/worktrees/b8e3b0e906af/01KXF3EBXC00B6ZS69VCQBAJA8/rosbag2_storage_mcap/include>
-- Configured cppcheck exclude dirs and/or files: 
-- Added test 'cpplint' to check C / C++ code against the Google style
-- Configured cpplint exclude dirs and/or files: 
-- Added test 'flake8' to check Python code syntax and style conventions
-- Configured 'flake8' exclude dirs and/or files: 
-- Added test 'lint_cmake' to check CMake code style
-- Added test 'pep257' to check Python code against some of the docstring style conventions in PEP 257
-- Added test 'xmllint' to check XML markup files
-- Configuring done (0.7s)
-- Generating done (0.0s)
-- Build files have been written to: /home/fmt/.no-mistakes/worktrees/b8e3b0e906af/01KXF3EBXC00B6ZS69VCQBAJA8/build/rosbag2_storage_mcap
[  9%] Building CXX object CMakeFiles/rosbag2_storage_mcap.dir/src/mcap_storage.cpp.o
[ 18%] Building CXX object gmock/CMakeFiles/gmock_main.dir/src/gmock_main.cc.o
[ 27%] Building CXX object gmock/CMakeFiles/gmock.dir/opt/ros/jazzy/src/gtest_vendor/src/gtest-all.cc.o
[ 36%] Building CXX object gmock/CMakeFiles/gmock.dir/src/gmock-all.cc.o
[ 36%] Built target ament_cmake_python_copy_ros2bag_mcap_cli_setup
[ 36%] Built target ament_cmake_python_copy_ros2bag_mcap_cli
running egg_info
creating ros2bag_mcap_cli.egg-info
writing ros2bag_mcap_cli.egg-info/PKG-INFO
writing dependency_links to ros2bag_mcap_cli.egg-info/dependency_links.txt
writing entry points to ros2bag_mcap_cli.egg-info/entry_points.txt
writing top-level names to ros2bag_mcap_cli.egg-info/top_level.txt
writing manifest file 'ros2bag_mcap_cli.egg-info/SOURCES.txt'
reading manifest file 'ros2bag_mcap_cli.egg-info/SOURCES.txt'
writing manifest file 'ros2bag_mcap_cli.egg-info/SOURCES.txt'
[ 36%] Built target ament_cmake_python_build_ros2bag_mcap_cli_egg
[ 45%] Linking CXX static library libgmock_main.a
[ 45%] Built target gmock_main
[ 54%] Linking CXX static library libgmock.a
[ 54%] Built target gmock
[ 63%] Linking CXX shared library librosbag2_storage_mcap.so
[ 63%] Built target rosbag2_storage_mcap
[ 81%] Building CXX object CMakeFiles/test_mcap_storage.dir/test/rosbag2_storage_mcap/test_mcap_storage.cpp.o
[ 81%] Building CXX object CMakeFiles/test_mcap_topic_filter.dir/test/rosbag2_storage_mcap/test_mcap_topic_filter.cpp.o
[ 90%] Linking CXX executable test_mcap_topic_filter
[ 90%] Built target test_mcap_topic_filter
[100%] Linking CXX executable test_mcap_storage
[100%] Built target test_mcap_storage
-- Install configuration: "Release"
-- Installing: /home/fmt/.no-mistakes/worktrees/b8e3b0e906af/01KXF3EBXC00B6ZS69VCQBAJA8/install/rosbag2_storage_mcap/share/rosbag2_storage_mcap/environment/pythonpath.sh
-- Installing: /home/fmt/.no-mistakes/worktrees/b8e3b0e906af/01KXF3EBXC00B6ZS69VCQBAJA8/install/rosbag2_storage_mcap/share/rosbag2_storage_mcap/environment/pythonpath.dsv
-- Installing: /home/fmt/.no-mistakes/worktrees/b8e3b0e906af/01KXF3EBXC00B6ZS69VCQBAJA8/install/rosbag2_storage_mcap/lib/python3.12/site-packages/ros2bag_mcap_cli-0.26.11-py3.12.egg-info
-- Installing: /home/fmt/.no-mistakes/worktrees/b8e3b0e906af/01KXF3EBXC00B6ZS69VCQBAJA8/install/rosbag2_storage_mcap/lib/python3.12/site-packages/ros2bag_mcap_cli-0.26.11-py3.12.egg-info/PKG-INFO
-- Installing: /home/fmt/.no-mistakes/worktrees/b8e3b0e906af/01KXF3EBXC00B6ZS69VCQBAJA8/install/rosbag2_storage_mcap/lib/python3.12/site-packages/ros2bag_mcap_cli-0.26.11-py3.12.egg-info/dependency_links.txt
-- Installing: /home/fmt/.no-mistakes/worktrees/b8e3b0e906af/01KXF3EBXC00B6ZS69VCQBAJA8/install/rosbag2_storage_mcap/lib/python3.12/site-packages/ros2bag_mcap_cli-0.26.11-py3.12.egg-info/entry_points.txt
-- Installing: /home/fmt/.no-mistakes/worktrees/b8e3b0e906af/01KXF3EBXC00B6ZS69VCQBAJA8/install/rosbag2_storage_mcap/lib/python3.12/site-packages/ros2bag_mcap_cli-0.26.11-py3.12.egg-info/SOURCES.txt
-- Installing: /home/fmt/.no-mistakes/worktrees/b8e3b0e906af/01KXF3EBXC00B6ZS69VCQBAJA8/install/rosbag2_storage_mcap/lib/python3.12/site-packages/ros2bag_mcap_cli-0.26.11-py3.12.egg-info/top_level.txt
-- Installing: /home/fmt/.no-mistakes/worktrees/b8e3b0e906af/01KXF3EBXC00B6ZS69VCQBAJA8/install/rosbag2_storage_mcap/lib/python3.12/site-packages/ros2bag_mcap_cli
-- Installing: /home/fmt/.no-mistakes/worktrees/b8e3b0e906af/01KXF3EBXC00B6ZS69VCQBAJA8/install/rosbag2_storage_mcap/lib/python3.12/site-packages/ros2bag_mcap_cli/__init__.py
Listing '/home/fmt/.no-mistakes/worktrees/b8e3b0e906af/01KXF3EBXC00B6ZS69VCQBAJA8/install/rosbag2_storage_mcap/lib/python3.12/site-packages/ros2bag_mcap_cli'...
Compiling '/home/fmt/.no-mistakes/worktrees/b8e3b0e906af/01KXF3EBXC00B6ZS69VCQBAJA8/install/rosbag2_storage_mcap/lib/python3.12/site-packages/ros2bag_mcap_cli/__init__.py'...
-- Installing: /home/fmt/.no-mistakes/worktrees/b8e3b0e906af/01KXF3EBXC00B6ZS69VCQBAJA8/install/rosbag2_storage_mcap/share/rosbag2_storage_mcap/plugin_description.xml
-- Installing: /home/fmt/.no-mistakes/worktrees/b8e3b0e906af/01KXF3EBXC00B6ZS69VCQBAJA8/install/rosbag2_storage_mcap/lib/librosbag2_storage_mcap.so
-- Set non-toolchain portion of runtime path of "/home/fmt/.no-mistakes/worktrees/b8e3b0e906af/01KXF3EBXC00B6ZS69VCQBAJA8/install/rosbag2_storage_mcap/lib/librosbag2_storage_mcap.so" to ""
-- Installing: /home/fmt/.no-mistakes/worktrees/b8e3b0e906af/01KXF3EBXC00B6ZS69VCQBAJA8/install/rosbag2_storage_mcap/share/rosbag2_storage_mcap/environment/library_path.sh
-- Installing: /home/fmt/.no-mistakes/worktrees/b8e3b0e906af/01KXF3EBXC00B6ZS69VCQBAJA8/install/rosbag2_storage_mcap/share/rosbag2_storage_mcap/environment/library_path.dsv
-- Installing: /home/fmt/.no-mistakes/worktrees/b8e3b0e906af/01KXF3EBXC00B6ZS69VCQBAJA8/install/rosbag2_storage_mcap/share/ament_index/resource_index/package_run_dependencies/rosbag2_storage_mcap
-- Installing: /home/fmt/.no-mistakes/worktrees/b8e3b0e906af/01KXF3EBXC00B6ZS69VCQBAJA8/install/rosbag2_storage_mcap/share/ament_index/resource_index/parent_prefix_path/rosbag2_storage_mcap
-- Installing: /home/fmt/.no-mistakes/worktrees/b8e3b0e906af/01KXF3EBXC00B6ZS69VCQBAJA8/install/rosbag2_storage_mcap/share/rosbag2_storage_mcap/environment/ament_prefix_path.sh
-- Installing: /home/fmt/.no-mistakes/worktrees/b8e3b0e906af/01KXF3EBXC00B6ZS69VCQBAJA8/install/rosbag2_storage_mcap/share/rosbag2_storage_mcap/environment/ament_prefix_path.dsv
-- Installing: /home/fmt/.no-mistakes/worktrees/b8e3b0e906af/01KXF3EBXC00B6ZS69VCQBAJA8/install/rosbag2_storage_mcap/share/rosbag2_storage_mcap/environment/path.sh
-- Installing: /home/fmt/.no-mistakes/worktrees/b8e3b0e906af/01KXF3EBXC00B6ZS69VCQBAJA8/install/rosbag2_storage_mcap/share/rosbag2_storage_mcap/environment/path.dsv
-- Installing: /home/fmt/.no-mistakes/worktrees/b8e3b0e906af/01KXF3EBXC00B6ZS69VCQBAJA8/install/rosbag2_storage_mcap/share/rosbag2_storage_mcap/local_setup.bash
-- Installing: /home/fmt/.no-mistakes/worktrees/b8e3b0e906af/01KXF3EBXC00B6ZS69VCQBAJA8/install/rosbag2_storage_mcap/share/rosbag2_storage_mcap/local_setup.sh
-- Installing: /home/fmt/.no-mistakes/worktrees/b8e3b0e906af/01KXF3EBXC00B6ZS69VCQBAJA8/install/rosbag2_storage_mcap/share/rosbag2_storage_mcap/local_setup.zsh
-- Installing: /home/fmt/.no-mistakes/worktrees/b8e3b0e906af/01KXF3EBXC00B6ZS69VCQBAJA8/install/rosbag2_storage_mcap/share/rosbag2_storage_mcap/local_setup.dsv
-- Installing: /home/fmt/.no-mistakes/worktrees/b8e3b0e906af/01KXF3EBXC00B6ZS69VCQBAJA8/install/rosbag2_storage_mcap/share/rosbag2_storage_mcap/package.dsv
-- Installing: /home/fmt/.no-mistakes/worktrees/b8e3b0e906af/01KXF3EBXC00B6ZS69VCQBAJA8/install/rosbag2_storage_mcap/share/ament_index/resource_index/packages/rosbag2_storage_mcap
-- Installing: /home/fmt/.no-mistakes/worktrees/b8e3b0e906af/01KXF3EBXC00B6ZS69VCQBAJA8/install/rosbag2_storage_mcap/share/ament_index/resource_index/rosbag2_storage__pluginlib__plugin/rosbag2_storage_mcap
-- Installing: /home/fmt/.no-mistakes/worktrees/b8e3b0e906af/01KXF3EBXC00B6ZS69VCQBAJA8/install/rosbag2_storage_mcap/share/rosbag2_storage_mcap/cmake/export_rosbag2_storage_mcapExport.cmake
-- Installing: /home/fmt/.no-mistakes/worktrees/b8e3b0e906af/01KXF3EBXC00B6ZS69VCQBAJA8/install/rosbag2_storage_mcap/share/rosbag2_storage_mcap/cmake/export_rosbag2_storage_mcapExport-release.cmake
-- Installing: /home/fmt/.no-mistakes/worktrees/b8e3b0e906af/01KXF3EBXC00B6ZS69VCQBAJA8/install/rosbag2_storage_mcap/share/rosbag2_storage_mcap/cmake/ament_cmake_export_libraries-extras.cmake
-- Installing: /home/fmt/.no-mistakes/worktrees/b8e3b0e906af/01KXF3EBXC00B6ZS69VCQBAJA8/install/rosbag2_storage_mcap/share/rosbag2_storage_mcap/cmake/ament_cmake_export_targets-extras.cmake
-- Installing: /home/fmt/.no-mistakes/worktrees/b8e3b0e906af/01KXF3EBXC00B6ZS69VCQBAJA8/install/rosbag2_storage_mcap/share/rosbag2_storage_mcap/cmake/rosbag2_storage_mcapConfig.cmake
-- Installing: /home/fmt/.no-mistakes/worktrees/b8e3b0e906af/01KXF3EBXC00B6ZS69VCQBAJA8/install/rosbag2_storage_mcap/share/rosbag2_storage_mcap/cmake/rosbag2_storage_mcapConfig-version.cmake
-- Installing: /home/fmt/.no-mistakes/worktrees/b8e3b0e906af/01KXF3EBXC00B6ZS69VCQBAJA8/install/rosbag2_storage_mcap/share/rosbag2_storage_mcap/package.xml
