[0.008s] Invoking command in '/home/fmt/.no-mistakes/worktrees/b8e3b0e906af/01KXF3EBXC00B6ZS69VCQBAJA8/build/sqlite3_vendor': CMAKE_PREFIX_PATH=${CMAKE_PREFIX_PATH}:/opt/ros/jazzy DEBUGINFOD_URLS=https://debuginfod.ubuntu.com /usr/bin/cmake /home/fmt/.no-mistakes/worktrees/b8e3b0e906af/01KXF3EBXC00B6ZS69VCQBAJA8/sqlite3_vendor -DCMAKE_BUILD_TYPE=Release -DCMAKE_INSTALL_PREFIX=/home/fmt/.no-mistakes/worktrees/b8e3b0e906af/01KXF3EBXC00B6ZS69VCQBAJA8/install/sqlite3_vendor
[0.110s] -- The C compiler identification is GNU 13.3.0
[0.180s] -- The CXX compiler identification is GNU 13.3.0
[0.190s] -- Detecting C compiler ABI info
[0.250s] -- Detecting C compiler ABI info - done
[0.257s] -- Check for working C compiler: /usr/bin/cc - skipped
[0.257s] -- Detecting C compile features
[0.257s] -- Detecting C compile features - done
[0.262s] -- Detecting CXX compiler ABI info
[0.321s] -- Detecting CXX compiler ABI info - done
[0.328s] -- Check for working CXX compiler: /usr/bin/c++ - skipped
[0.328s] -- Detecting CXX compile features
[0.328s] -- Detecting CXX compile features - done
[0.333s] -- Found ament_cmake: 2.5.6 (/opt/ros/jazzy/share/ament_cmake/cmake)
[0.420s] -- Found Python3: /usr/bin/python3 (found version "3.12.3") found components: Interpreter 
[0.498s] -- Found ament_cmake_vendor_package: 2.5.6 (/opt/ros/jazzy/share/ament_cmake_vendor_package/cmake)
[0.510s] -- Skipping vendor package build for 'sqlite3_vendor', which is already satisfied
[0.560s] -- Configuring done (0.5s)
[0.561s] -- Generating done (0.0s)
[0.562s] -- Build files have been written to: /home/fmt/.no-mistakes/worktrees/b8e3b0e906af/01KXF3EBXC00B6ZS69VCQBAJA8/build/sqlite3_vendor
[0.567s] Invoked command in '/home/fmt/.no-mistakes/worktrees/b8e3b0e906af/01KXF3EBXC00B6ZS69VCQBAJA8/build/sqlite3_vendor' returned '0': CMAKE_PREFIX_PATH=${CMAKE_PREFIX_PATH}:/opt/ros/jazzy DEBUGINFOD_URLS=https://debuginfod.ubuntu.com /usr/bin/cmake /home/fmt/.no-mistakes/worktrees/b8e3b0e906af/01KXF3EBXC00B6ZS69VCQBAJA8/sqlite3_vendor -DCMAKE_BUILD_TYPE=Release -DCMAKE_INSTALL_PREFIX=/home/fmt/.no-mistakes/worktrees/b8e3b0e906af/01KXF3EBXC00B6ZS69VCQBAJA8/install/sqlite3_vendor
[0.567s] Invoking command in '/home/fmt/.no-mistakes/worktrees/b8e3b0e906af/01KXF3EBXC00B6ZS69VCQBAJA8/build/sqlite3_vendor': CMAKE_PREFIX_PATH=${CMAKE_PREFIX_PATH}:/opt/ros/jazzy DEBUGINFOD_URLS=https://debuginfod.ubuntu.com /usr/bin/cmake --build /home/fmt/.no-mistakes/worktrees/b8e3b0e906af/01KXF3EBXC00B6ZS69VCQBAJA8/build/sqlite3_vendor -- -j20 -l20
[0.594s] Invoked command in '/home/fmt/.no-mistakes/worktrees/b8e3b0e906af/01KXF3EBXC00B6ZS69VCQBAJA8/build/sqlite3_vendor' returned '0': CMAKE_PREFIX_PATH=${CMAKE_PREFIX_PATH}:/opt/ros/jazzy DEBUGINFOD_URLS=https://debuginfod.ubuntu.com /usr/bin/cmake --build /home/fmt/.no-mistakes/worktrees/b8e3b0e906af/01KXF3EBXC00B6ZS69VCQBAJA8/build/sqlite3_vendor -- -j20 -l20
[0.594s] Invoking command in '/home/fmt/.no-mistakes/worktrees/b8e3b0e906af/01KXF3EBXC00B6ZS69VCQBAJA8/build/sqlite3_vendor': CMAKE_PREFIX_PATH=${CMAKE_PREFIX_PATH}:/opt/ros/jazzy DEBUGINFOD_URLS=https://debuginfod.ubuntu.com /usr/bin/cmake --install /home/fmt/.no-mistakes/worktrees/b8e3b0e906af/01KXF3EBXC00B6ZS69VCQBAJA8/build/sqlite3_vendor
[0.599s] -- Install configuration: "Release"
[0.599s] -- Installing: /home/fmt/.no-mistakes/worktrees/b8e3b0e906af/01KXF3EBXC00B6ZS69VCQBAJA8/install/sqlite3_vendor/share/sqlite3_vendor/cmake
[0.599s] -- Installing: /home/fmt/.no-mistakes/worktrees/b8e3b0e906af/01KXF3EBXC00B6ZS69VCQBAJA8/install/sqlite3_vendor/share/sqlite3_vendor/cmake/Modules
[0.599s] -- Installing: /home/fmt/.no-mistakes/worktrees/b8e3b0e906af/01KXF3EBXC00B6ZS69VCQBAJA8/install/sqlite3_vendor/share/sqlite3_vendor/cmake/Modules/FindSQLite3.cmake
[0.599s] -- Installing: /home/fmt/.no-mistakes/worktrees/b8e3b0e906af/01KXF3EBXC00B6ZS69VCQBAJA8/install/sqlite3_vendor/share/ament_index/resource_index/package_run_dependencies/sqlite3_vendor
[0.599s] -- Installing: /home/fmt/.no-mistakes/worktrees/b8e3b0e906af/01KXF3EBXC00B6ZS69VCQBAJA8/install/sqlite3_vendor/share/ament_index/resource_index/parent_prefix_path/sqlite3_vendor
[0.599s] -- Installing: /home/fmt/.no-mistakes/worktrees/b8e3b0e906af/01KXF3EBXC00B6ZS69VCQBAJA8/install/sqlite3_vendor/share/sqlite3_vendor/environment/ament_prefix_path.sh
[0.599s] -- Installing: /home/fmt/.no-mistakes/worktrees/b8e3b0e906af/01KXF3EBXC00B6ZS69VCQBAJA8/install/sqlite3_vendor/share/sqlite3_vendor/environment/ament_prefix_path.dsv
[0.599s] -- Installing: /home/fmt/.no-mistakes/worktrees/b8e3b0e906af/01KXF3EBXC00B6ZS69VCQBAJA8/install/sqlite3_vendor/share/sqlite3_vendor/environment/path.sh
[0.600s] -- Installing: /home/fmt/.no-mistakes/worktrees/b8e3b0e906af/01KXF3EBXC00B6ZS69VCQBAJA8/install/sqlite3_vendor/share/sqlite3_vendor/environment/path.dsv
[0.600s] -- Installing: /home/fmt/.no-mistakes/worktrees/b8e3b0e906af/01KXF3EBXC00B6ZS69VCQBAJA8/install/sqlite3_vendor/share/sqlite3_vendor/local_setup.bash
[0.600s] -- Installing: /home/fmt/.no-mistakes/worktrees/b8e3b0e906af/01KXF3EBXC00B6ZS69VCQBAJA8/install/sqlite3_vendor/share/sqlite3_vendor/local_setup.sh
[0.600s] -- Installing: /home/fmt/.no-mistakes/worktrees/b8e3b0e906af/01KXF3EBXC00B6ZS69VCQBAJA8/install/sqlite3_vendor/share/sqlite3_vendor/local_setup.zsh
[0.600s] -- Installing: /home/fmt/.no-mistakes/worktrees/b8e3b0e906af/01KXF3EBXC00B6ZS69VCQBAJA8/install/sqlite3_vendor/share/sqlite3_vendor/local_setup.dsv
[0.600s] -- Installing: /home/fmt/.no-mistakes/worktrees/b8e3b0e906af/01KXF3EBXC00B6ZS69VCQBAJA8/install/sqlite3_vendor/share/sqlite3_vendor/package.dsv
[0.600s] -- Installing: /home/fmt/.no-mistakes/worktrees/b8e3b0e906af/01KXF3EBXC00B6ZS69VCQBAJA8/install/sqlite3_vendor/share/ament_index/resource_index/packages/sqlite3_vendor
[0.600s] -- Installing: /home/fmt/.no-mistakes/worktrees/b8e3b0e906af/01KXF3EBXC00B6ZS69VCQBAJA8/install/sqlite3_vendor/share/sqlite3_vendor/cmake/sqlite3_vendor-extras.cmake
[0.600s] -- Installing: /home/fmt/.no-mistakes/worktrees/b8e3b0e906af/01KXF3EBXC00B6ZS69VCQBAJA8/install/sqlite3_vendor/share/sqlite3_vendor/cmake/sqlite3_vendorConfig.cmake
[0.600s] -- Installing: /home/fmt/.no-mistakes/worktrees/b8e3b0e906af/01KXF3EBXC00B6ZS69VCQBAJA8/install/sqlite3_vendor/share/sqlite3_vendor/cmake/sqlite3_vendorConfig-version.cmake
[0.609s] -- Installing: /home/fmt/.no-mistakes/worktrees/b8e3b0e906af/01KXF3EBXC00B6ZS69VCQBAJA8/install/sqlite3_vendor/share/sqlite3_vendor/package.xml
[0.609s] Invoked command in '/home/fmt/.no-mistakes/worktrees/b8e3b0e906af/01KXF3EBXC00B6ZS69VCQBAJA8/build/sqlite3_vendor' returned '0': CMAKE_PREFIX_PATH=${CMAKE_PREFIX_PATH}:/opt/ros/jazzy DEBUGINFOD_URLS=https://debuginfod.ubuntu.com /usr/bin/cmake --install /home/fmt/.no-mistakes/worktrees/b8e3b0e906af/01KXF3EBXC00B6ZS69VCQBAJA8/build/sqlite3_vendor
