[0.004s] Invoking command in '/home/fmt/.no-mistakes/worktrees/b8e3b0e906af/01KXF3EBXC00B6ZS69VCQBAJA8/build/rosbag2_storage': AMENT_PREFIX_PATH=/home/fmt/.no-mistakes/worktrees/b8e3b0e906af/01KXF3EBXC00B6ZS69VCQBAJA8/install/rosbag2_test_common:${AMENT_PREFIX_PATH} CMAKE_PREFIX_PATH=/home/fmt/.no-mistakes/worktrees/b8e3b0e906af/01KXF3EBXC00B6ZS69VCQBAJA8/install/rosbag2_test_common:/opt/intel/oneapi/tbb/2023.0/env/..:/opt/intel/oneapi/dpl/2022.12/lib/cmake/oneDPL:/opt/intel/oneapi/compiler/2026.0:/opt/ros/jazzy/opt/gz_sim_vendor:/opt/ros/jazzy/opt/gz_sensors_vendor:/opt/ros/jazzy/opt/gz_physics_vendor:/opt/ros/jazzy/opt/sdformat_vendor:/opt/ros/jazzy/opt/gz_gui_vendor:/opt/ros/jazzy/opt/gz_transport_vendor:/opt/ros/jazzy/opt/gz_rendering_vendor:/opt/ros/jazzy/opt/gz_plugin_vendor:/opt/ros/jazzy/opt/gz_fuel_tools_vendor:/opt/ros/jazzy/opt/gz_msgs_vendor:/opt/ros/jazzy/opt/gz_common_vendor:/opt/ros/jazzy/opt/gz_math_vendor:/opt/ros/jazzy/opt/gz_utils_vendor:/opt/ros/jazzy/opt/gz_tools_vendor:/opt/ros/jazzy/opt/gz_ogre_next_vendor:/opt/ros/jazzy/opt/gz_dartsim_vendor:/opt/ros/jazzy/opt/gz_cmake_vendor:/opt/ros/jazzy DEBUGINFOD_URLS=https://debuginfod.ubuntu.com PYTHONPATH=/home/fmt/.no-mistakes/worktrees/b8e3b0e906af/01KXF3EBXC00B6ZS69VCQBAJA8/install/rosbag2_test_common/lib/python3.12/site-packages:${PYTHONPATH} /usr/bin/cmake /home/fmt/.no-mistakes/worktrees/b8e3b0e906af/01KXF3EBXC00B6ZS69VCQBAJA8/rosbag2_storage -DCMAKE_BUILD_TYPE=Release -DCMAKE_INSTALL_PREFIX=/home/fmt/.no-mistakes/worktrees/b8e3b0e906af/01KXF3EBXC00B6ZS69VCQBAJA8/install/rosbag2_storage
[0.034s] -- The C compiler identification is GNU 13.3.0
[0.064s] -- The CXX compiler identification is GNU 13.3.0
[0.073s] -- Detecting C compiler ABI info
[0.121s] -- Detecting C compiler ABI info - done
[0.128s] -- Check for working C compiler: /usr/bin/cc - skipped
[0.128s] -- Detecting C compile features
[0.128s] -- Detecting C compile features - done
[0.133s] -- Detecting CXX compiler ABI info
[0.186s] -- Detecting CXX compiler ABI info - done
[0.193s] -- Check for working CXX compiler: /usr/bin/c++ - skipped
[0.193s] -- Detecting CXX compile features
[0.193s] -- Detecting CXX compile features - done
[0.195s] -- Found ament_cmake: 2.5.6 (/opt/ros/jazzy/share/ament_cmake/cmake)
[0.283s] -- Found Python3: /usr/bin/python3 (found version "3.12.3") found components: Interpreter 
[0.351s] -- Found pluginlib: 5.4.5 (/opt/ros/jazzy/share/pluginlib/cmake)
[0.382s] -- Found TinyXML2 via Config file: /usr/lib/x86_64-linux-gnu/cmake/tinyxml2
[0.385s] -- Found rclcpp: 28.1.18 (/opt/ros/jazzy/share/rclcpp/cmake)
[0.408s] -- Found rosidl_generator_c: 4.6.7 (/opt/ros/jazzy/share/rosidl_generator_c/cmake)
[0.423s] -- Found rosidl_generator_cpp: 4.6.7 (/opt/ros/jazzy/share/rosidl_generator_cpp/cmake)
[0.432s] -- Using all available rosidl_typesupport_c: rosidl_typesupport_fastrtps_c;rosidl_typesupport_introspection_c
[0.440s] -- Using all available rosidl_typesupport_cpp: rosidl_typesupport_fastrtps_cpp;rosidl_typesupport_introspection_cpp
[0.482s] -- Found rmw_implementation_cmake: 7.3.3 (/opt/ros/jazzy/share/rmw_implementation_cmake/cmake)
[0.484s] -- Found rmw_cyclonedds_cpp: 2.2.3 (/opt/ros/jazzy/share/rmw_cyclonedds_cpp/cmake)
[0.501s] -- Using RMW implementation 'rmw_cyclonedds_cpp' as default
[0.536s] -- Found yaml_cpp_vendor: 9.0.1 (/opt/ros/jazzy/share/yaml_cpp_vendor/cmake)
[0.536s] -- Setting yaml-cpp_DIR to: '/opt/ros/jazzy/share/yaml_cpp_vendor/cmake/../../../opt/yaml_cpp_vendor/share/cmake/yaml-cpp'
[0.542s] -- Found ament_lint_auto: 0.17.5 (/opt/ros/jazzy/share/ament_lint_auto/cmake)
[0.544s] -- Found ament_cmake_gmock: 2.5.6 (/opt/ros/jazzy/share/ament_cmake_gmock/cmake)
[0.544s] -- Found rosbag2_test_common: 0.26.11 (/home/fmt/.no-mistakes/worktrees/b8e3b0e906af/01KXF3EBXC00B6ZS69VCQBAJA8/install/rosbag2_test_common/share/rosbag2_test_common/cmake)
[0.644s] -- Found gmock sources under '/opt/ros/jazzy/src/gmock_vendor': C++ tests using 'Google Mock' will be built
[0.648s] -- Found gtest sources under '/opt/ros/jazzy/src/gtest_vendor': C++ tests using 'Google Test' will be built
[0.652s] -- Added test 'copyright' to check source files copyright and LICENSE
[0.653s] -- Added test 'cppcheck' to perform static code analysis on C / C++ code
[0.653s] -- Configured cppcheck include dirs: $<BUILD_INTERFACE:/home/fmt/.no-mistakes/worktrees/b8e3b0e906af/01KXF3EBXC00B6ZS69VCQBAJA8/rosbag2_storage/include>
[0.653s] -- Configured cppcheck exclude dirs and/or files: 
[0.654s] -- Added test 'cpplint' to check C / C++ code against the Google style
[0.654s] -- Configured cpplint exclude dirs and/or files: 
[0.654s] -- Added test 'lint_cmake' to check CMake code style
[0.655s] -- Added test 'uncrustify' to check C / C++ code style
[0.655s] -- Configured uncrustify additional arguments: 
[0.656s] -- Added test 'xmllint' to check XML markup files
[0.657s] -- Configuring done (0.6s)
[0.674s] -- Generating done (0.0s)
[0.680s] -- Build files have been written to: /home/fmt/.no-mistakes/worktrees/b8e3b0e906af/01KXF3EBXC00B6ZS69VCQBAJA8/build/rosbag2_storage
[0.685s] Invoked command in '/home/fmt/.no-mistakes/worktrees/b8e3b0e906af/01KXF3EBXC00B6ZS69VCQBAJA8/build/rosbag2_storage' returned '0': AMENT_PREFIX_PATH=/home/fmt/.no-mistakes/worktrees/b8e3b0e906af/01KXF3EBXC00B6ZS69VCQBAJA8/install/rosbag2_test_common:${AMENT_PREFIX_PATH} CMAKE_PREFIX_PATH=/home/fmt/.no-mistakes/worktrees/b8e3b0e906af/01KXF3EBXC00B6ZS69VCQBAJA8/install/rosbag2_test_common:/opt/intel/oneapi/tbb/2023.0/env/..:/opt/intel/oneapi/dpl/2022.12/lib/cmake/oneDPL:/opt/intel/oneapi/compiler/2026.0:/opt/ros/jazzy/opt/gz_sim_vendor:/opt/ros/jazzy/opt/gz_sensors_vendor:/opt/ros/jazzy/opt/gz_physics_vendor:/opt/ros/jazzy/opt/sdformat_vendor:/opt/ros/jazzy/opt/gz_gui_vendor:/opt/ros/jazzy/opt/gz_transport_vendor:/opt/ros/jazzy/opt/gz_rendering_vendor:/opt/ros/jazzy/opt/gz_plugin_vendor:/opt/ros/jazzy/opt/gz_fuel_tools_vendor:/opt/ros/jazzy/opt/gz_msgs_vendor:/opt/ros/jazzy/opt/gz_common_vendor:/opt/ros/jazzy/opt/gz_math_vendor:/opt/ros/jazzy/opt/gz_utils_vendor:/opt/ros/jazzy/opt/gz_tools_vendor:/opt/ros/jazzy/opt/gz_ogre_next_vendor:/opt/ros/jazzy/opt/gz_dartsim_vendor:/opt/ros/jazzy/opt/gz_cmake_vendor:/opt/ros/jazzy DEBUGINFOD_URLS=https://debuginfod.ubuntu.com PYTHONPATH=/home/fmt/.no-mistakes/worktrees/b8e3b0e906af/01KXF3EBXC00B6ZS69VCQBAJA8/install/rosbag2_test_common/lib/python3.12/site-packages:${PYTHONPATH} /usr/bin/cmake /home/fmt/.no-mistakes/worktrees/b8e3b0e906af/01KXF3EBXC00B6ZS69VCQBAJA8/rosbag2_storage -DCMAKE_BUILD_TYPE=Release -DCMAKE_INSTALL_PREFIX=/home/fmt/.no-mistakes/worktrees/b8e3b0e906af/01KXF3EBXC00B6ZS69VCQBAJA8/install/rosbag2_storage
[0.686s] Invoking command in '/home/fmt/.no-mistakes/worktrees/b8e3b0e906af/01KXF3EBXC00B6ZS69VCQBAJA8/build/rosbag2_storage': AMENT_PREFIX_PATH=/home/fmt/.no-mistakes/worktrees/b8e3b0e906af/01KXF3EBXC00B6ZS69VCQBAJA8/install/rosbag2_test_common:${AMENT_PREFIX_PATH} CMAKE_PREFIX_PATH=/home/fmt/.no-mistakes/worktrees/b8e3b0e906af/01KXF3EBXC00B6ZS69VCQBAJA8/install/rosbag2_test_common:/opt/intel/oneapi/tbb/2023.0/env/..:/opt/intel/oneapi/dpl/2022.12/lib/cmake/oneDPL:/opt/intel/oneapi/compiler/2026.0:/opt/ros/jazzy/opt/gz_sim_vendor:/opt/ros/jazzy/opt/gz_sensors_vendor:/opt/ros/jazzy/opt/gz_physics_vendor:/opt/ros/jazzy/opt/sdformat_vendor:/opt/ros/jazzy/opt/gz_gui_vendor:/opt/ros/jazzy/opt/gz_transport_vendor:/opt/ros/jazzy/opt/gz_rendering_vendor:/opt/ros/jazzy/opt/gz_plugin_vendor:/opt/ros/jazzy/opt/gz_fuel_tools_vendor:/opt/ros/jazzy/opt/gz_msgs_vendor:/opt/ros/jazzy/opt/gz_common_vendor:/opt/ros/jazzy/opt/gz_math_vendor:/opt/ros/jazzy/opt/gz_utils_vendor:/opt/ros/jazzy/opt/gz_tools_vendor:/opt/ros/jazzy/opt/gz_ogre_next_vendor:/opt/ros/jazzy/opt/gz_dartsim_vendor:/opt/ros/jazzy/opt/gz_cmake_vendor:/opt/ros/jazzy DEBUGINFOD_URLS=https://debuginfod.ubuntu.com PYTHONPATH=/home/fmt/.no-mistakes/worktrees/b8e3b0e906af/01KXF3EBXC00B6ZS69VCQBAJA8/install/rosbag2_test_common/lib/python3.12/site-packages:${PYTHONPATH} /usr/bin/cmake --build /home/fmt/.no-mistakes/worktrees/b8e3b0e906af/01KXF3EBXC00B6ZS69VCQBAJA8/build/rosbag2_storage -- -j20 -l20
[0.717s] [  3%] Building CXX object gmock/CMakeFiles/gmock_main.dir/src/gmock_main.cc.o
[0.717s] [  7%] Building CXX object CMakeFiles/rosbag2_storage.dir/src/rosbag2_storage/ros_helper.cpp.o
[0.717s] [ 11%] Building CXX object gmock/CMakeFiles/gmock.dir/opt/ros/jazzy/src/gtest_vendor/src/gtest-all.cc.o
[0.717s] [ 19%] Building CXX object CMakeFiles/rosbag2_storage.dir/src/rosbag2_storage/qos.cpp.o
[0.717s] [ 19%] Building CXX object CMakeFiles/rosbag2_storage.dir/src/rosbag2_storage/default_storage_id.cpp.o
[0.718s] [ 30%] Building CXX object CMakeFiles/rosbag2_storage.dir/src/rosbag2_storage/base_io_interface.cpp.o
[0.718s] [ 30%] Building CXX object CMakeFiles/rosbag2_storage.dir/src/rosbag2_storage/storage_factory.cpp.o
[0.718s] [ 30%] Building CXX object CMakeFiles/rosbag2_storage.dir/src/rosbag2_storage/metadata_io.cpp.o
[0.718s] [ 34%] Building CXX object gmock/CMakeFiles/gmock.dir/src/gmock-all.cc.o
[0.718s] [ 38%] Building CXX object CMakeFiles/rosbag2_storage.dir/src/rosbag2_storage/storage_options.cpp.o
[1.268s] [ 42%] Linking CXX static library libgmock_main.a
[1.288s] [ 42%] Built target gmock_main
[4.694s] [ 46%] Linking CXX shared library librosbag2_storage.so
[4.779s] [ 46%] Built target rosbag2_storage
[4.791s] [ 53%] Building CXX object CMakeFiles/test_plugin.dir/test/rosbag2_storage/test_plugin.cpp.o
[4.791s] [ 53%] Building CXX object CMakeFiles/test_plugin.dir/test/rosbag2_storage/test_read_only_plugin.cpp.o
[5.239s] [ 57%] Linking CXX static library libgmock.a
[5.262s] [ 57%] Built target gmock
[5.275s] [ 76%] Building CXX object CMakeFiles/test_ros_helper.dir/test/rosbag2_storage/test_ros_helper.cpp.o
[5.275s] [ 76%] Building CXX object CMakeFiles/test_storage_options.dir/test/rosbag2_storage/test_storage_options.cpp.o
[5.276s] [ 76%] Building CXX object CMakeFiles/test_storage_factory.dir/test/rosbag2_storage/test_storage_factory.cpp.o
[5.276s] [ 76%] Building CXX object CMakeFiles/test_metadata_serialization.dir/test/rosbag2_storage/test_metadata_serialization.cpp.o
[5.276s] [ 76%] Building CXX object CMakeFiles/test_qos.dir/test/rosbag2_storage/test_qos.cpp.o
[5.456s] [ 80%] Linking CXX shared library libtest_plugin.so
[5.515s] [ 80%] Built target test_plugin
[6.168s] [ 84%] Linking CXX executable test_ros_helper
[6.245s] [ 84%] Built target test_ros_helper
[6.339s] [ 88%] Linking CXX executable test_storage_factory
[6.409s] [ 88%] Built target test_storage_factory
[6.688s] [ 92%] Linking CXX executable test_qos
[6.756s] [ 96%] Linking CXX executable test_storage_options
[6.779s] [ 96%] Built target test_qos
[6.832s] [ 96%] Built target test_storage_options
[6.861s] [100%] Linking CXX executable test_metadata_serialization
[6.950s] [100%] Built target test_metadata_serialization
[6.958s] Invoked command in '/home/fmt/.no-mistakes/worktrees/b8e3b0e906af/01KXF3EBXC00B6ZS69VCQBAJA8/build/rosbag2_storage' returned '0': AMENT_PREFIX_PATH=/home/fmt/.no-mistakes/worktrees/b8e3b0e906af/01KXF3EBXC00B6ZS69VCQBAJA8/install/rosbag2_test_common:${AMENT_PREFIX_PATH} CMAKE_PREFIX_PATH=/home/fmt/.no-mistakes/worktrees/b8e3b0e906af/01KXF3EBXC00B6ZS69VCQBAJA8/install/rosbag2_test_common:/opt/intel/oneapi/tbb/2023.0/env/..:/opt/intel/oneapi/dpl/2022.12/lib/cmake/oneDPL:/opt/intel/oneapi/compiler/2026.0:/opt/ros/jazzy/opt/gz_sim_vendor:/opt/ros/jazzy/opt/gz_sensors_vendor:/opt/ros/jazzy/opt/gz_physics_vendor:/opt/ros/jazzy/opt/sdformat_vendor:/opt/ros/jazzy/opt/gz_gui_vendor:/opt/ros/jazzy/opt/gz_transport_vendor:/opt/ros/jazzy/opt/gz_rendering_vendor:/opt/ros/jazzy/opt/gz_plugin_vendor:/opt/ros/jazzy/opt/gz_fuel_tools_vendor:/opt/ros/jazzy/opt/gz_msgs_vendor:/opt/ros/jazzy/opt/gz_common_vendor:/opt/ros/jazzy/opt/gz_math_vendor:/opt/ros/jazzy/opt/gz_utils_vendor:/opt/ros/jazzy/opt/gz_tools_vendor:/opt/ros/jazzy/opt/gz_ogre_next_vendor:/opt/ros/jazzy/opt/gz_dartsim_vendor:/opt/ros/jazzy/opt/gz_cmake_vendor:/opt/ros/jazzy DEBUGINFOD_URLS=https://debuginfod.ubuntu.com PYTHONPATH=/home/fmt/.no-mistakes/worktrees/b8e3b0e906af/01KXF3EBXC00B6ZS69VCQBAJA8/install/rosbag2_test_common/lib/python3.12/site-packages:${PYTHONPATH} /usr/bin/cmake --build /home/fmt/.no-mistakes/worktrees/b8e3b0e906af/01KXF3EBXC00B6ZS69VCQBAJA8/build/rosbag2_storage -- -j20 -l20
[6.958s] Invoking command in '/home/fmt/.no-mistakes/worktrees/b8e3b0e906af/01KXF3EBXC00B6ZS69VCQBAJA8/build/rosbag2_storage': AMENT_PREFIX_PATH=/home/fmt/.no-mistakes/worktrees/b8e3b0e906af/01KXF3EBXC00B6ZS69VCQBAJA8/install/rosbag2_test_common:${AMENT_PREFIX_PATH} CMAKE_PREFIX_PATH=/home/fmt/.no-mistakes/worktrees/b8e3b0e906af/01KXF3EBXC00B6ZS69VCQBAJA8/install/rosbag2_test_common:/opt/intel/oneapi/tbb/2023.0/env/..:/opt/intel/oneapi/dpl/2022.12/lib/cmake/oneDPL:/opt/intel/oneapi/compiler/2026.0:/opt/ros/jazzy/opt/gz_sim_vendor:/opt/ros/jazzy/opt/gz_sensors_vendor:/opt/ros/jazzy/opt/gz_physics_vendor:/opt/ros/jazzy/opt/sdformat_vendor:/opt/ros/jazzy/opt/gz_gui_vendor:/opt/ros/jazzy/opt/gz_transport_vendor:/opt/ros/jazzy/opt/gz_rendering_vendor:/opt/ros/jazzy/opt/gz_plugin_vendor:/opt/ros/jazzy/opt/gz_fuel_tools_vendor:/opt/ros/jazzy/opt/gz_msgs_vendor:/opt/ros/jazzy/opt/gz_common_vendor:/opt/ros/jazzy/opt/gz_math_vendor:/opt/ros/jazzy/opt/gz_utils_vendor:/opt/ros/jazzy/opt/gz_tools_vendor:/opt/ros/jazzy/opt/gz_ogre_next_vendor:/opt/ros/jazzy/opt/gz_dartsim_vendor:/opt/ros/jazzy/opt/gz_cmake_vendor:/opt/ros/jazzy DEBUGINFOD_URLS=https://debuginfod.ubuntu.com PYTHONPATH=/home/fmt/.no-mistakes/worktrees/b8e3b0e906af/01KXF3EBXC00B6ZS69VCQBAJA8/install/rosbag2_test_common/lib/python3.12/site-packages:${PYTHONPATH} /usr/bin/cmake --install /home/fmt/.no-mistakes/worktrees/b8e3b0e906af/01KXF3EBXC00B6ZS69VCQBAJA8/build/rosbag2_storage
[6.963s] -- Install configuration: "Release"
[6.963s] -- Installing: /home/fmt/.no-mistakes/worktrees/b8e3b0e906af/01KXF3EBXC00B6ZS69VCQBAJA8/install/rosbag2_storage/include/rosbag2_storage
[6.963s] -- Installing: /home/fmt/.no-mistakes/worktrees/b8e3b0e906af/01KXF3EBXC00B6ZS69VCQBAJA8/install/rosbag2_storage/include/rosbag2_storage/rosbag2_storage
[6.963s] -- Installing: /home/fmt/.no-mistakes/worktrees/b8e3b0e906af/01KXF3EBXC00B6ZS69VCQBAJA8/install/rosbag2_storage/include/rosbag2_storage/rosbag2_storage/storage_interfaces
[6.963s] -- Installing: /home/fmt/.no-mistakes/worktrees/b8e3b0e906af/01KXF3EBXC00B6ZS69VCQBAJA8/install/rosbag2_storage/include/rosbag2_storage/rosbag2_storage/storage_interfaces/base_read_interface.hpp
[6.964s] -- Installing: /home/fmt/.no-mistakes/worktrees/b8e3b0e906af/01KXF3EBXC00B6ZS69VCQBAJA8/install/rosbag2_storage/include/rosbag2_storage/rosbag2_storage/storage_interfaces/read_only_interface.hpp
[6.964s] -- Installing: /home/fmt/.no-mistakes/worktrees/b8e3b0e906af/01KXF3EBXC00B6ZS69VCQBAJA8/install/rosbag2_storage/include/rosbag2_storage/rosbag2_storage/storage_interfaces/base_info_interface.hpp
[6.964s] -- Installing: /home/fmt/.no-mistakes/worktrees/b8e3b0e906af/01KXF3EBXC00B6ZS69VCQBAJA8/install/rosbag2_storage/include/rosbag2_storage/rosbag2_storage/storage_interfaces/base_write_interface.hpp
[6.964s] -- Installing: /home/fmt/.no-mistakes/worktrees/b8e3b0e906af/01KXF3EBXC00B6ZS69VCQBAJA8/install/rosbag2_storage/include/rosbag2_storage/rosbag2_storage/storage_interfaces/base_io_interface.hpp
[6.964s] -- Installing: /home/fmt/.no-mistakes/worktrees/b8e3b0e906af/01KXF3EBXC00B6ZS69VCQBAJA8/install/rosbag2_storage/include/rosbag2_storage/rosbag2_storage/storage_interfaces/read_write_interface.hpp
[6.964s] -- Installing: /home/fmt/.no-mistakes/worktrees/b8e3b0e906af/01KXF3EBXC00B6ZS69VCQBAJA8/install/rosbag2_storage/include/rosbag2_storage/rosbag2_storage/qos.hpp
[6.964s] -- Installing: /home/fmt/.no-mistakes/worktrees/b8e3b0e906af/01KXF3EBXC00B6ZS69VCQBAJA8/install/rosbag2_storage/include/rosbag2_storage/rosbag2_storage/yaml.hpp
[6.964s] -- Installing: /home/fmt/.no-mistakes/worktrees/b8e3b0e906af/01KXF3EBXC00B6ZS69VCQBAJA8/install/rosbag2_storage/include/rosbag2_storage/rosbag2_storage/bag_metadata.hpp
[6.964s] -- Installing: /home/fmt/.no-mistakes/worktrees/b8e3b0e906af/01KXF3EBXC00B6ZS69VCQBAJA8/install/rosbag2_storage/include/rosbag2_storage/rosbag2_storage/topic_metadata.hpp
[6.964s] -- Installing: /home/fmt/.no-mistakes/worktrees/b8e3b0e906af/01KXF3EBXC00B6ZS69VCQBAJA8/install/rosbag2_storage/include/rosbag2_storage/rosbag2_storage/storage_filter.hpp
[6.964s] -- Installing: /home/fmt/.no-mistakes/worktrees/b8e3b0e906af/01KXF3EBXC00B6ZS69VCQBAJA8/install/rosbag2_storage/include/rosbag2_storage/rosbag2_storage/visibility_control.hpp
[6.964s] -- Installing: /home/fmt/.no-mistakes/worktrees/b8e3b0e906af/01KXF3EBXC00B6ZS69VCQBAJA8/install/rosbag2_storage/include/rosbag2_storage/rosbag2_storage/logging.hpp
[6.964s] -- Installing: /home/fmt/.no-mistakes/worktrees/b8e3b0e906af/01KXF3EBXC00B6ZS69VCQBAJA8/install/rosbag2_storage/include/rosbag2_storage/rosbag2_storage/serialized_bag_message.hpp
[6.964s] -- Installing: /home/fmt/.no-mistakes/worktrees/b8e3b0e906af/01KXF3EBXC00B6ZS69VCQBAJA8/install/rosbag2_storage/include/rosbag2_storage/rosbag2_storage/message_definition.hpp
[6.964s] -- Installing: /home/fmt/.no-mistakes/worktrees/b8e3b0e906af/01KXF3EBXC00B6ZS69VCQBAJA8/install/rosbag2_storage/include/rosbag2_storage/rosbag2_storage/default_storage_id.hpp
[6.964s] -- Installing: /home/fmt/.no-mistakes/worktrees/b8e3b0e906af/01KXF3EBXC00B6ZS69VCQBAJA8/install/rosbag2_storage/include/rosbag2_storage/rosbag2_storage/storage_options.hpp
[6.964s] -- Installing: /home/fmt/.no-mistakes/worktrees/b8e3b0e906af/01KXF3EBXC00B6ZS69VCQBAJA8/install/rosbag2_storage/include/rosbag2_storage/rosbag2_storage/storage_traits.hpp
[6.964s] -- Installing: /home/fmt/.no-mistakes/worktrees/b8e3b0e906af/01KXF3EBXC00B6ZS69VCQBAJA8/install/rosbag2_storage/include/rosbag2_storage/rosbag2_storage/ros_helper.hpp
[6.964s] -- Installing: /home/fmt/.no-mistakes/worktrees/b8e3b0e906af/01KXF3EBXC00B6ZS69VCQBAJA8/install/rosbag2_storage/include/rosbag2_storage/rosbag2_storage/metadata_io.hpp
[6.964s] -- Installing: /home/fmt/.no-mistakes/worktrees/b8e3b0e906af/01KXF3EBXC00B6ZS69VCQBAJA8/install/rosbag2_storage/include/rosbag2_storage/rosbag2_storage/storage_factory.hpp
[6.964s] -- Installing: /home/fmt/.no-mistakes/worktrees/b8e3b0e906af/01KXF3EBXC00B6ZS69VCQBAJA8/install/rosbag2_storage/include/rosbag2_storage/rosbag2_storage/storage_factory_interface.hpp
[6.964s] -- Installing: /home/fmt/.no-mistakes/worktrees/b8e3b0e906af/01KXF3EBXC00B6ZS69VCQBAJA8/install/rosbag2_storage/lib/librosbag2_storage.so
[6.965s] -- Set non-toolchain portion of runtime path of "/home/fmt/.no-mistakes/worktrees/b8e3b0e906af/01KXF3EBXC00B6ZS69VCQBAJA8/install/rosbag2_storage/lib/librosbag2_storage.so" to ""
[6.965s] -- Installing: /home/fmt/.no-mistakes/worktrees/b8e3b0e906af/01KXF3EBXC00B6ZS69VCQBAJA8/install/rosbag2_storage/share/rosbag2_storage/environment/library_path.sh
[6.965s] -- Installing: /home/fmt/.no-mistakes/worktrees/b8e3b0e906af/01KXF3EBXC00B6ZS69VCQBAJA8/install/rosbag2_storage/share/rosbag2_storage/environment/library_path.dsv
[6.965s] -- Installing: /home/fmt/.no-mistakes/worktrees/b8e3b0e906af/01KXF3EBXC00B6ZS69VCQBAJA8/install/rosbag2_storage/lib/libtest_plugin.so
[6.965s] -- Set non-toolchain portion of runtime path of "/home/fmt/.no-mistakes/worktrees/b8e3b0e906af/01KXF3EBXC00B6ZS69VCQBAJA8/install/rosbag2_storage/lib/libtest_plugin.so" to ""
[6.965s] -- Installing: /home/fmt/.no-mistakes/worktrees/b8e3b0e906af/01KXF3EBXC00B6ZS69VCQBAJA8/install/rosbag2_storage/share/rosbag2_storage/test/rosbag2_storage/test_plugin.xml
[6.965s] -- Installing: /home/fmt/.no-mistakes/worktrees/b8e3b0e906af/01KXF3EBXC00B6ZS69VCQBAJA8/install/rosbag2_storage/share/ament_index/resource_index/package_run_dependencies/rosbag2_storage
[6.965s] -- Installing: /home/fmt/.no-mistakes/worktrees/b8e3b0e906af/01KXF3EBXC00B6ZS69VCQBAJA8/install/rosbag2_storage/share/ament_index/resource_index/parent_prefix_path/rosbag2_storage
[6.965s] -- Installing: /home/fmt/.no-mistakes/worktrees/b8e3b0e906af/01KXF3EBXC00B6ZS69VCQBAJA8/install/rosbag2_storage/share/rosbag2_storage/environment/ament_prefix_path.sh
[6.965s] -- Installing: /home/fmt/.no-mistakes/worktrees/b8e3b0e906af/01KXF3EBXC00B6ZS69VCQBAJA8/install/rosbag2_storage/share/rosbag2_storage/environment/ament_prefix_path.dsv
[6.965s] -- Installing: /home/fmt/.no-mistakes/worktrees/b8e3b0e906af/01KXF3EBXC00B6ZS69VCQBAJA8/install/rosbag2_storage/share/rosbag2_storage/environment/path.sh
[6.965s] -- Installing: /home/fmt/.no-mistakes/worktrees/b8e3b0e906af/01KXF3EBXC00B6ZS69VCQBAJA8/install/rosbag2_storage/share/rosbag2_storage/environment/path.dsv
[6.965s] -- Installing: /home/fmt/.no-mistakes/worktrees/b8e3b0e906af/01KXF3EBXC00B6ZS69VCQBAJA8/install/rosbag2_storage/share/rosbag2_storage/local_setup.bash
[6.966s] -- Installing: /home/fmt/.no-mistakes/worktrees/b8e3b0e906af/01KXF3EBXC00B6ZS69VCQBAJA8/install/rosbag2_storage/share/rosbag2_storage/local_setup.sh
[6.966s] -- Installing: /home/fmt/.no-mistakes/worktrees/b8e3b0e906af/01KXF3EBXC00B6ZS69VCQBAJA8/install/rosbag2_storage/share/rosbag2_storage/local_setup.zsh
[6.966s] -- Installing: /home/fmt/.no-mistakes/worktrees/b8e3b0e906af/01KXF3EBXC00B6ZS69VCQBAJA8/install/rosbag2_storage/share/rosbag2_storage/local_setup.dsv
[6.966s] -- Installing: /home/fmt/.no-mistakes/worktrees/b8e3b0e906af/01KXF3EBXC00B6ZS69VCQBAJA8/install/rosbag2_storage/share/rosbag2_storage/package.dsv
[6.966s] -- Installing: /home/fmt/.no-mistakes/worktrees/b8e3b0e906af/01KXF3EBXC00B6ZS69VCQBAJA8/install/rosbag2_storage/share/ament_index/resource_index/packages/rosbag2_storage
[6.966s] -- Installing: /home/fmt/.no-mistakes/worktrees/b8e3b0e906af/01KXF3EBXC00B6ZS69VCQBAJA8/install/rosbag2_storage/share/ament_index/resource_index/rosbag2_storage__pluginlib__plugin/rosbag2_storage
[6.966s] -- Installing: /home/fmt/.no-mistakes/worktrees/b8e3b0e906af/01KXF3EBXC00B6ZS69VCQBAJA8/install/rosbag2_storage/share/rosbag2_storage/cmake/export_rosbag2_storageExport.cmake
[6.966s] -- Installing: /home/fmt/.no-mistakes/worktrees/b8e3b0e906af/01KXF3EBXC00B6ZS69VCQBAJA8/install/rosbag2_storage/share/rosbag2_storage/cmake/export_rosbag2_storageExport-release.cmake
[6.966s] -- Installing: /home/fmt/.no-mistakes/worktrees/b8e3b0e906af/01KXF3EBXC00B6ZS69VCQBAJA8/install/rosbag2_storage/share/rosbag2_storage/cmake/ament_cmake_export_include_directories-extras.cmake
[6.966s] -- Installing: /home/fmt/.no-mistakes/worktrees/b8e3b0e906af/01KXF3EBXC00B6ZS69VCQBAJA8/install/rosbag2_storage/share/rosbag2_storage/cmake/ament_cmake_export_libraries-extras.cmake
[6.966s] -- Installing: /home/fmt/.no-mistakes/worktrees/b8e3b0e906af/01KXF3EBXC00B6ZS69VCQBAJA8/install/rosbag2_storage/share/rosbag2_storage/cmake/ament_cmake_export_targets-extras.cmake
[6.966s] -- Installing: /home/fmt/.no-mistakes/worktrees/b8e3b0e906af/01KXF3EBXC00B6ZS69VCQBAJA8/install/rosbag2_storage/share/rosbag2_storage/cmake/ament_cmake_export_dependencies-extras.cmake
[6.966s] -- Installing: /home/fmt/.no-mistakes/worktrees/b8e3b0e906af/01KXF3EBXC00B6ZS69VCQBAJA8/install/rosbag2_storage/share/rosbag2_storage/cmake/rosbag2_storageConfig.cmake
[6.966s] -- Installing: /home/fmt/.no-mistakes/worktrees/b8e3b0e906af/01KXF3EBXC00B6ZS69VCQBAJA8/install/rosbag2_storage/share/rosbag2_storage/cmake/rosbag2_storageConfig-version.cmake
[6.966s] -- Installing: /home/fmt/.no-mistakes/worktrees/b8e3b0e906af/01KXF3EBXC00B6ZS69VCQBAJA8/install/rosbag2_storage/share/rosbag2_storage/package.xml
[6.967s] Invoked command in '/home/fmt/.no-mistakes/worktrees/b8e3b0e906af/01KXF3EBXC00B6ZS69VCQBAJA8/build/rosbag2_storage' returned '0': AMENT_PREFIX_PATH=/home/fmt/.no-mistakes/worktrees/b8e3b0e906af/01KXF3EBXC00B6ZS69VCQBAJA8/install/rosbag2_test_common:${AMENT_PREFIX_PATH} CMAKE_PREFIX_PATH=/home/fmt/.no-mistakes/worktrees/b8e3b0e906af/01KXF3EBXC00B6ZS69VCQBAJA8/install/rosbag2_test_common:/opt/intel/oneapi/tbb/2023.0/env/..:/opt/intel/oneapi/dpl/2022.12/lib/cmake/oneDPL:/opt/intel/oneapi/compiler/2026.0:/opt/ros/jazzy/opt/gz_sim_vendor:/opt/ros/jazzy/opt/gz_sensors_vendor:/opt/ros/jazzy/opt/gz_physics_vendor:/opt/ros/jazzy/opt/sdformat_vendor:/opt/ros/jazzy/opt/gz_gui_vendor:/opt/ros/jazzy/opt/gz_transport_vendor:/opt/ros/jazzy/opt/gz_rendering_vendor:/opt/ros/jazzy/opt/gz_plugin_vendor:/opt/ros/jazzy/opt/gz_fuel_tools_vendor:/opt/ros/jazzy/opt/gz_msgs_vendor:/opt/ros/jazzy/opt/gz_common_vendor:/opt/ros/jazzy/opt/gz_math_vendor:/opt/ros/jazzy/opt/gz_utils_vendor:/opt/ros/jazzy/opt/gz_tools_vendor:/opt/ros/jazzy/opt/gz_ogre_next_vendor:/opt/ros/jazzy/opt/gz_dartsim_vendor:/opt/ros/jazzy/opt/gz_cmake_vendor:/opt/ros/jazzy DEBUGINFOD_URLS=https://debuginfod.ubuntu.com PYTHONPATH=/home/fmt/.no-mistakes/worktrees/b8e3b0e906af/01KXF3EBXC00B6ZS69VCQBAJA8/install/rosbag2_test_common/lib/python3.12/site-packages:${PYTHONPATH} /usr/bin/cmake --install /home/fmt/.no-mistakes/worktrees/b8e3b0e906af/01KXF3EBXC00B6ZS69VCQBAJA8/build/rosbag2_storage
